Archive member included to satisfy reference by file (symbol)

app/libapp.a(main.c.obj)      (--whole-archive)
zephyr/libzephyr.a(validate_libc.c.obj)
                              (--whole-archive)
zephyr/libzephyr.a(heap.c.obj)
                              (--whole-archive)
zephyr/libzephyr.a(cbprintf_packaged.c.obj)
                              (--whole-archive)
zephyr/libzephyr.a(clock.c.obj)
                              (--whole-archive)
zephyr/libzephyr.a(printk.c.obj)
                              (--whole-archive)
zephyr/libzephyr.a(sem.c.obj)
                              (--whole-archive)
zephyr/libzephyr.a(thread_entry.c.obj)
                              (--whole-archive)
zephyr/libzephyr.a(cbprintf_complete.c.obj)
                              (--whole-archive)
zephyr/libzephyr.a(assert.c.obj)
                              (--whole-archive)
zephyr/libzephyr.a(dec.c.obj)
                              (--whole-archive)
zephyr/libzephyr.a(hex.c.obj)
                              (--whole-archive)
zephyr/libzephyr.a(rb.c.obj)  (--whole-archive)
zephyr/libzephyr.a(timeutil.c.obj)
                              (--whole-archive)
zephyr/libzephyr.a(bitarray.c.obj)
                              (--whole-archive)
zephyr/libzephyr.a(bitmask.c.obj)
                              (--whole-archive)
zephyr/libzephyr.a(getopt.c.obj)
                              (--whole-archive)
zephyr/libzephyr.a(getopt_common.c.obj)
                              (--whole-archive)
zephyr/libzephyr.a(ring_buffer.c.obj)
                              (--whole-archive)
zephyr/libzephyr.a(last_section_id.c.obj)
                              (--whole-archive)
zephyr/libzephyr.a(configs.c.obj)
                              (--whole-archive)
zephyr/libzephyr.a(stm32cube_hal.c.obj)
                              (--whole-archive)
zephyr/libzephyr.a(soc_config.c.obj)
                              (--whole-archive)
zephyr/libzephyr.a(stm32_cache.c.obj)
                              (--whole-archive)
zephyr/libzephyr.a(stm32_backup_domain.c.obj)
                              (--whole-archive)
zephyr/libzephyr.a(soc.c.obj)
                              (--whole-archive)
zephyr/libzephyr.a(mem_attr.c.obj)
                              (--whole-archive)
zephyr/libzephyr.a(tracing_none.c.obj)
                              (--whole-archive)
zephyr/arch/common/libarch__common.a(sw_isr_common.c.obj)
                              (--whole-archive)
zephyr/arch/common/libarch__common.a(init.c.obj)
                              (--whole-archive)
zephyr/arch/common/libarch__common.a(xip.c.obj)
                              (--whole-archive)
zephyr/arch/arch/arm/core/libarch__arm__core.a(fatal.c.obj)
                              (--whole-archive)
zephyr/arch/arch/arm/core/libarch__arm__core.a(nmi.c.obj)
                              (--whole-archive)
zephyr/arch/arch/arm/core/libarch__arm__core.a(nmi_on_reset.S.obj)
                              (--whole-archive)
zephyr/arch/arch/arm/core/libarch__arm__core.a(tls.c.obj)
                              (--whole-archive)
zephyr/arch/arch/arm/core/cortex_m/libarch__arm__core__cortex_m.a(exc_exit.c.obj)
                              (--whole-archive)
zephyr/arch/arch/arm/core/cortex_m/libarch__arm__core__cortex_m.a(fault.c.obj)
                              (--whole-archive)
zephyr/arch/arch/arm/core/cortex_m/libarch__arm__core__cortex_m.a(fault_s.S.obj)
                              (--whole-archive)
zephyr/arch/arch/arm/core/cortex_m/libarch__arm__core__cortex_m.a(fpu.c.obj)
                              (--whole-archive)
zephyr/arch/arch/arm/core/cortex_m/libarch__arm__core__cortex_m.a(reset.S.obj)
                              (--whole-archive)
zephyr/arch/arch/arm/core/cortex_m/libarch__arm__core__cortex_m.a(scb.c.obj)
                              (--whole-archive)
zephyr/arch/arch/arm/core/cortex_m/libarch__arm__core__cortex_m.a(thread_abort.c.obj)
                              (--whole-archive)
zephyr/arch/arch/arm/core/cortex_m/libarch__arm__core__cortex_m.a(vector_table.S.obj)
                              (--whole-archive)
zephyr/arch/arch/arm/core/cortex_m/libarch__arm__core__cortex_m.a(swap_helper.S.obj)
                              (--whole-archive)
zephyr/arch/arch/arm/core/cortex_m/libarch__arm__core__cortex_m.a(irq_manage.c.obj)
                              (--whole-archive)
zephyr/arch/arch/arm/core/cortex_m/libarch__arm__core__cortex_m.a(prep_c.c.obj)
                              (--whole-archive)
zephyr/arch/arch/arm/core/cortex_m/libarch__arm__core__cortex_m.a(thread.c.obj)
                              (--whole-archive)
zephyr/arch/arch/arm/core/cortex_m/libarch__arm__core__cortex_m.a(cpu_idle.c.obj)
                              (--whole-archive)
zephyr/arch/arch/arm/core/cortex_m/libarch__arm__core__cortex_m.a(irq_init.c.obj)
                              (--whole-archive)
zephyr/arch/arch/arm/core/cortex_m/libarch__arm__core__cortex_m.a(isr_wrapper.c.obj)
[...]
Memory Configuration

Name             Origin             Length             Attributes
FLASH            0x0000000008000000 0x0000000000100000 xr
RAM              0x0000000020010000 0x0000000000040000 xw
QSPI_PLACEHOLDER 0x0000000090000000 0x0000000010000000 rw
SRAM0            0x0000000020010000 0x0000000000040000 rw
DTCM             0x0000000020000000 0x0000000000010000 rw
SDRAM1           0x00000000c0000000 0x0000000000800000 rw
EXTMEM           0x0000000090000000 0x0000000001000000 rw
IDT_LIST         0x00000000ffff7fff 0x0000000000008000 xw
*default*        0x0000000000000000 0xffffffffffffffff

Linker script and memory map

                0x00000000080036e8                vfprintf = __l_vfprintf
                0x0000000000000000                vfscanf = __l_vfscanf
LOAD zephyr/CMakeFiles/zephyr_final.dir/misc/empty_file.c.obj
LOAD zephyr/CMakeFiles/zephyr_final.dir/isr_tables.c.obj
LOAD zephyr/CMakeFiles/offsets.dir/./arch/arm/core/offsets/offsets.c.obj
LOAD app/libapp.a
LOAD zephyr/libzephyr.a
LOAD zephyr/arch/common/libarch__common.a
LOAD zephyr/arch/arch/arm/core/libarch__arm__core.a
LOAD zephyr/arch/arch/arm/core/cortex_m/libarch__arm__core__cortex_m.a
LOAD zephyr/arch/arch/arm/core/mpu/libarch__arm__core__mpu.a
LOAD zephyr/lib/libc/picolibc/liblib__libc__picolibc.a
LOAD zephyr/lib/libc/common/liblib__libc__common.a
LOAD zephyr/lib/posix/c_lib_ext/liblib__posix__c_lib_ext.a
LOAD zephyr/drivers/interrupt_controller/libdrivers__interrupt_controller.a
LOAD zephyr/drivers/clock_control/libdrivers__clock_control.a
LOAD zephyr/drivers/console/libdrivers__console.a
LOAD zephyr/drivers/gpio/libdrivers__gpio.a
LOAD zephyr/drivers/pinctrl/libdrivers__pinctrl.a
LOAD zephyr/drivers/pwm/libdrivers__pwm.a
LOAD zephyr/drivers/reset/libdrivers__reset.a
LOAD zephyr/drivers/serial/libdrivers__serial.a
LOAD zephyr/drivers/timer/libdrivers__timer.a
LOAD modules/hal_stm32/stm32cube/lib..__modules__hal__stm32__stm32cube.a
LOAD zephyr/kernel/libkernel.a
LOAD zephyr/arch/common/libisr_tables.a
LOAD /home/hijab-fatima-siddiqui/zephyr-sdk-0.17.4/arm-zephyr-eabi/bin/../lib/gcc/../../picolibc/arm-zephyr-eabi/lib/thumb/v7e-m/nofp/libc.a
LOAD /home/hijab-fatima-siddiqui/zephyr-sdk-0.17.4/arm-zephyr-eabi/bin/../lib/gcc/arm-zephyr-eabi/12.2.0/thumb/v7e-m/nofp/libgcc.a
                0x0000000000000020                _region_min_align = 0x20

.rel.plt        0x0000000008000000        0x0
 *(SORT_BY_ALIGNMENT(.rel.plt))
                [!provide]                        PROVIDE (__rel_iplt_start = .)
 *(SORT_BY_ALIGNMENT(.rel.iplt))
 .rel.iplt      0x0000000008000000        0x0 zephyr/CMakeFiles/zephyr_final.dir/isr_tables.c.obj
                [!provide]                        PROVIDE (__rel_iplt_end = .)

.rela.plt       0x0000000000000000        0x0
 *(SORT_BY_ALIGNMENT(.rela.plt))
                [!provide]                        PROVIDE (__rela_iplt_start = .)
 *(SORT_BY_ALIGNMENT(.rela.iplt))
                [!provide]                        PROVIDE (__rela_iplt_end = .)

.rel.dyn
 *(SORT_BY_ALIGNMENT(.rel.*))

.rela.dyn
 *(SORT_BY_ALIGNMENT(.rela.*))

/DISCARD/
 *(SORT_BY_ALIGNMENT(.plt))

/DISCARD/
 *(SORT_BY_ALIGNMENT(.iplt))
                0x0000000008000000                __rom_region_start = 0x8000000

rom_start       0x0000000008000000      0x1c8
                0x0000000008000000                __rom_start_address = .
 FILL mask 0x00
                0x0000000008000000                . = (. + (0x0 - (. - __rom_start_address)))
                0x0000000008000000                . = ALIGN (0x4)
                0x0000000008000000                . = ALIGN (0x80)
                0x0000000008000000                . = ALIGN (0x200)
                0x0000000008000000                _vector_start = .
 *(SORT_BY_ALIGNMENT(.exc_vector_table))
 *(SORT_BY_ALIGNMENT(.exc_vector_table.*))
 .exc_vector_table._vector_table_section
                0x0000000008000000       0x40 zephyr/arch/arch/arm/core/cortex_m/libarch__arm__core__cortex_m.a(vector_table.S.obj)
                0x0000000008000000                _vector_table
 *(SORT_BY_ALIGNMENT(.vectors))
                0x00000000080001c8                _vector_end = .
                0x0000000008000040                . = ALIGN (0x4)
 *(SORT_BY_ALIGNMENT(.gnu.linkonce.irq_vector_table*))
 .gnu.linkonce.irq_vector_table
                0x0000000008000040      0x188 zephyr/CMakeFiles/zephyr_final.dir/isr_tables.c.obj
                0x0000000008000040                _irq_vector_table
                0x00000000080001c8                _vector_end = .

text            0x00000000080001c8     0x4808
                0x00000000080001c8                __text_region_start = .
 *(SORT_BY_ALIGNMENT(.text))
 .text          0x00000000080001c8       0x30 /home/hijab-fatima-siddiqui/zephyr-sdk-0.17.4/arm-zephyr-eabi/bin/../lib/gcc/arm-zephyr-eabi/12.2.0/thumb/v7e-m/nofp/libgcc.a(_aeabi_uldivmod.o)
                0x00000000080001c8                __aeabi_uldivmod
 .text          0x00000000080001f8        0x4 /home/hijab-fatima-siddiqui/zephyr-sdk-0.17.4/arm-zephyr-eabi/bin/../lib/gcc/arm-zephyr-eabi/12.2.0/thumb/v7e-m/nofp/libgcc.a(_dvmd_tls.o)
                0x00000000080001f8                __aeabi_ldiv0
                0x00000000080001f8                __aeabi_idiv0
 .text          0x00000000080001fc      0x2a0 /home/hijab-fatima-siddiqui/zephyr-sdk-0.17.4/arm-zephyr-eabi/bin/../lib/gcc/arm-zephyr-eabi/12.2.0/thumb/v7e-m/nofp/libgcc.a(_udivmoddi4.o)
                0x00000000080001fc                __udivmoddi4
 *(SORT_BY_ALIGNMENT(.text.*))
 *fill*         0x000000000800049c        0x4 
 .text.update_pwm_handler
                0x00000000080004a0       0xa8 app/libapp.a(main.c.obj)
                0x00000000080004a0                update_pwm_handler
 .text.button_pressed
                0x0000000008000548        0xc app/libapp.a(main.c.obj)
                0x0000000008000548                button_pressed
 .text.uart_fifo_callback
                0x0000000008000554       0xc8 app/libapp.a(main.c.obj)
 .text.console_thread
                0x000000000800061c       0x18 app/libapp.a(main.c.obj)
                0x000000000800061c                console_thread
 .text.main     0x0000000008000634      0x104 app/libapp.a(main.c.obj)
                0x0000000008000634                main
 .text.char_out
                0x0000000008000738        0xc zephyr/libzephyr.a(printk.c.obj)
 .text.__printk_hook_install
                0x0000000008000744        0xc zephyr/libzephyr.a(printk.c.obj)
                0x0000000008000744                __printk_hook_install
 .text.vprintk  0x0000000008000750       0x30 zephyr/libzephyr.a(printk.c.obj)
                0x0000000008000750                vprintk
 .text.z_thread_entry
                0x0000000008000780       0x34 zephyr/libzephyr.a(thread_entry.c.obj)
                0x0000000008000780                z_thread_entry
 .text.st_stm32_common_config
                0x00000000080007b4       0x14 zephyr/libzephyr.a(soc_config.c.obj)
 .text.soc_early_init_hook
                0x00000000080007c8       0x28 zephyr/libzephyr.a(soc.c.obj)
                0x00000000080007c8                soc_early_init_hook
 .text.mem_attr_get_regions
                0x00000000080007f0        0xc zephyr/libzephyr.a(mem_attr.c.obj)
                0x00000000080007f0                mem_attr_get_regions
 .text.arch_bss_zero
                0x00000000080007fc       0x2c zephyr/arch/common/libarch__common.a(init.c.obj)
                0x00000000080007fc                arch_bss_zero
 .text.arch_data_copy
                0x0000000008000828       0x50 zephyr/arch/common/libarch__common.a(xip.c.obj)
                0x0000000008000828                arch_data_copy
 .text.z_arm_fatal_error
                0x0000000008000878       0x60 zephyr/arch/arch/arm/core/libarch__arm__core.a(fatal.c.obj)
                0x0000000008000878                z_arm_fatal_error
 .text.z_SysNmiOnReset
                0x00000000080008d8        0x8 zephyr/arch/arch/arm/core/libarch__arm__core.a(nmi_on_reset.S.obj)
                0x00000000080008d8                z_SysNmiOnReset
 .text.arch_tls_stack_setup
                0x00000000080008e0       0x40 zephyr/arch/arch/arm/core/libarch__arm__core.a(tls.c.obj)
                0x00000000080008e0                arch_tls_stack_setup
 .text._HandlerModeExit
                0x0000000008000920       0x20 zephyr/arch/arch/arm/core/cortex_m/libarch__arm__core__cortex_m.a(exc_exit.c.obj)
                0x0000000008000920                z_arm_exc_exit
                0x0000000008000920                z_arm_int_exit
 .text.mem_manage_fault
                0x0000000008000940       0xf0 zephyr/arch/arch/arm/core/cortex_m/libarch__arm__core__cortex_m.a(fault.c.obj)
 .text.usage_fault.constprop.0
                0x0000000008000a30       0x98 zephyr/arch/arch/arm/core/cortex_m/libarch__arm__core__cortex_m.a(fault.c.obj)
 .text.bus_fault.constprop.0
                0x0000000008000ac8       0xb8 zephyr/arch/arch/arm/core/cortex_m/libarch__arm__core__cortex_m.a(fault.c.obj)
 .text.z_arm_fault
                0x0000000008000b80      0x1a4 zephyr/arch/arch/arm/core/cortex_m/libarch__arm__core__cortex_m.a(fault.c.obj)
                0x0000000008000b80                z_arm_fault
 .text.z_arm_fault_init
                0x0000000008000d24       0x18 zephyr/arch/arch/arm/core/cortex_m/libarch__arm__core__cortex_m.a(fault.c.obj)
                0x0000000008000d24                z_arm_fault_init
 .text.__fault  0x0000000008000d3c       0x14 zephyr/arch/arch/arm/core/cortex_m/libarch__arm__core__cortex_m.a(fault_s.S.obj)
                0x0000000008000d3c                z_arm_bus_fault
                0x0000000008000d3c                z_arm_usage_fault
                0x0000000008000d3c                z_arm_mpu_fault
                0x0000000008000d3c                z_arm_exc_spurious
                0x0000000008000d3c                z_arm_debug_monitor
                0x0000000008000d3c                z_arm_hard_fault
 .text._reset_section
                0x0000000008000d50       0x34 zephyr/arch/arch/arm/core/cortex_m/libarch__arm__core__cortex_m.a(reset.S.obj)
                0x0000000008000d50                z_arm_reset
                0x0000000008000d50                __start
 .text.z_impl_k_thread_abort
                0x0000000008000d84       0x2c zephyr/arch/arch/arm/core/cortex_m/libarch__arm__core__cortex_m.a(thread_abort.c.obj)
                0x0000000008000d84                z_impl_k_thread_abort
 .text.z_arm_pendsv
                0x0000000008000db0       0x64 zephyr/arch/arch/arm/core/cortex_m/libarch__arm__core__cortex_m.a(swap_helper.S.obj)
                0x0000000008000db0                z_arm_pendsv
 .text.z_arm_svc
                0x0000000008000e14       0x24 zephyr/arch/arch/arm/core/cortex_m/libarch__arm__core__cortex_m.a(swap_helper.S.obj)
                0x0000000008000e14                z_arm_svc
 .text.arm_irq_enable
                0x0000000008000e38       0x1c zephyr/arch/arch/arm/core/cortex_m/libarch__arm__core__cortex_m.a(irq_manage.c.obj)
                0x0000000008000e38                arm_irq_enable
 .text.arm_irq_priority_set
                0x0000000008000e54       0x2c zephyr/arch/arch/arm/core/cortex_m/libarch__arm__core__cortex_m.a(irq_manage.c.obj)
                0x0000000008000e54                arm_irq_priority_set
 .text.relocate_vector_table
                0x0000000008000e80       0x1c zephyr/arch/arch/arm/core/cortex_m/libarch__arm__core__cortex_m.a(prep_c.c.obj)
                0x0000000008000e80                relocate_vector_table
 .text.z_prep_c
                0x0000000008000e9c       0x38 zephyr/arch/arch/arm/core/cortex_m/libarch__arm__core__cortex_m.a(prep_c.c.obj)
                0x0000000008000e9c                z_prep_c
 .text.arch_new_thread
                0x0000000008000ed4       0x30 zephyr/arch/arch/arm/core/cortex_m/libarch__arm__core__cortex_m.a(thread.c.obj)
                0x0000000008000ed4                arch_new_thread
 .text.z_check_thread_stack_fail
                0x0000000008000f04       0x30 zephyr/arch/arch/arm/core/cortex_m/libarch__arm__core__cortex_m.a(thread.c.obj)
                0x0000000008000f04                z_check_thread_stack_fail
 .text.arch_switch_to_main_thread
                0x0000000008000f34       0x40 zephyr/arch/arch/arm/core/cortex_m/libarch__arm__core__cortex_m.a(thread.c.obj)
                0x0000000008000f34                arch_switch_to_main_thread
 .text.z_arm_cpu_idle_init
                0x0000000008000f74        0xc zephyr/arch/arch/arm/core/cortex_m/libarch__arm__core__cortex_m.a(cpu_idle.c.obj)
                0x0000000008000f74                z_arm_cpu_idle_init
 .text.z_arm_interrupt_init
                0x0000000008000f80       0x18 zephyr/arch/arch/arm/core/cortex_m/libarch__arm__core__cortex_m.a(irq_init.c.obj)
                0x0000000008000f80                z_arm_interrupt_init
 .text._isr_wrapper
                0x0000000008000f98       0x24 zephyr/arch/arch/arm/core/cortex_m/libarch__arm__core__cortex_m.a(isr_wrapper.c.obj)
                0x0000000008000f98                _isr_wrapper
 .text.z_arm_configure_static_mpu_regions
                0x0000000008000fbc       0x18 zephyr/arch/arch/arm/core/mpu/libarch__arm__core__mpu.a(arm_core_mpu.c.obj)
                0x0000000008000fbc                z_arm_configure_static_mpu_regions
 .text.z_arm_configure_dynamic_mpu_regions
                0x0000000008000fd4       0x24 zephyr/arch/arch/arm/core/mpu/libarch__arm__core__mpu.a(arm_core_mpu.c.obj)
                0x0000000008000fd4                z_arm_configure_dynamic_mpu_regions
 .text.region_init
                0x0000000008000ff8       0x28 zephyr/arch/arch/arm/core/mpu/libarch__arm__core__mpu.a(arm_mpu.c.obj)
 .text.mpu_configure_regions
                0x0000000008001020       0x6c zephyr/arch/arch/arm/core/mpu/libarch__arm__core__mpu.a(arm_mpu.c.obj)
 .text.arm_core_mpu_enable
                0x000000000800108c       0x18 zephyr/arch/arch/arm/core/mpu/libarch__arm__core__mpu.a(arm_mpu.c.obj)
                0x000000000800108c                arm_core_mpu_enable
 .text.arm_core_mpu_disable
                0x00000000080010a4       0x14 zephyr/arch/arch/arm/core/mpu/libarch__arm__core__mpu.a(arm_mpu.c.obj)
                0x00000000080010a4                arm_core_mpu_disable
 .text.arm_core_mpu_configure_static_mpu_regions
                0x00000000080010b8       0x14 zephyr/arch/arch/arm/core/mpu/libarch__arm__core__mpu.a(arm_mpu.c.obj)
                0x00000000080010b8                arm_core_mpu_configure_static_mpu_regions
 .text.arm_core_mpu_configure_dynamic_mpu_regions
                0x00000000080010cc       0x38 zephyr/arch/arch/arm/core/mpu/libarch__arm__core__mpu.a(arm_mpu.c.obj)
                0x00000000080010cc                arm_core_mpu_configure_dynamic_mpu_regions
 .text.z_arm_mpu_init
                0x0000000008001104      0x188 zephyr/arch/arch/arm/core/mpu/libarch__arm__core__mpu.a(arm_mpu.c.obj)
                0x0000000008001104                z_arm_mpu_init
 .text.z_impl_zephyr_fputc
                0x000000000800128c       0x10 zephyr/lib/libc/picolibc/liblib__libc__picolibc.a(stdio.c.obj)
                0x000000000800128c                z_impl_zephyr_fputc
 .text.__stdout_hook_install
                0x000000000800129c       0x18 zephyr/lib/libc/picolibc/liblib__libc__picolibc.a(stdio.c.obj)
                0x000000000800129c                __stdout_hook_install
 .text.malloc_prepare
                0x00000000080012b4       0x24 zephyr/lib/libc/common/liblib__libc__common.a(malloc.c.obj)
 .text.stm32_exti_init
                0x00000000080012d8       0x3c zephyr/drivers/interrupt_controller/libdrivers__interrupt_controller.a(intc_exti_stm32.c.obj)
 .text.stm32_exti_is_pending
                0x0000000008001314       0x20 zephyr/drivers/interrupt_controller/libdrivers__interrupt_controller.a(intc_exti_stm32.c.obj)
                0x0000000008001314                stm32_exti_is_pending
 .text.stm32_exti_clear_pending
                0x0000000008001334       0x20 zephyr/drivers/interrupt_controller/libdrivers__interrupt_controller.a(intc_exti_stm32.c.obj)
                0x0000000008001334                stm32_exti_clear_pending
 .text.stm32_fill_irq_table
                0x0000000008001354       0x18 zephyr/drivers/interrupt_controller/libdrivers__interrupt_controller.a(intc_gpio_stm32.c.obj)
 .text.stm32_intc_gpio_isr
                0x000000000800136c       0x4c zephyr/drivers/interrupt_controller/libdrivers__interrupt_controller.a(intc_gpio_stm32.c.obj)
 .text.stm32_gpio_intc_enable_line
                0x00000000080013b8       0x2c zephyr/drivers/interrupt_controller/libdrivers__interrupt_controller.a(intc_gpio_stm32.c.obj)
                0x00000000080013b8                stm32_gpio_intc_enable_line
 .text.stm32_gpio_intc_disable_line
                0x00000000080013e4       0x10 zephyr/drivers/interrupt_controller/libdrivers__interrupt_controller.a(intc_gpio_stm32.c.obj)
                0x00000000080013e4                stm32_gpio_intc_disable_line
 .text.stm32_gpio_intc_select_line_trigger
                0x00000000080013f4       0x50 zephyr/drivers/interrupt_controller/libdrivers__interrupt_controller.a(intc_gpio_stm32.c.obj)
                0x00000000080013f4                stm32_gpio_intc_select_line_trigger
 .text.stm32_gpio_intc_set_irq_callback
                0x0000000008001444       0x40 zephyr/drivers/interrupt_controller/libdrivers__interrupt_controller.a(intc_gpio_stm32.c.obj)
                0x0000000008001444                stm32_gpio_intc_set_irq_callback
 .text.stm32_gpio_intc_remove_irq_callback
                0x0000000008001484       0x24 zephyr/drivers/interrupt_controller/libdrivers__interrupt_controller.a(intc_gpio_stm32.c.obj)
                0x0000000008001484                stm32_gpio_intc_remove_irq_callback
 .text.stm32_exti_get_line_src_port
                0x00000000080014a8       0x30 zephyr/drivers/interrupt_controller/libdrivers__interrupt_controller.a(intc_gpio_stm32.c.obj)
                0x00000000080014a8                stm32_exti_get_line_src_port
 .text.stm32_clock_control_get_subsys_rate
                0x00000000080014d8       0xe0 zephyr/drivers/clock_control/libdrivers__clock_control.a(clock_stm32_ll_common.c.obj)
 .text.enabled_clock
                0x00000000080015b8       0x20 zephyr/drivers/clock_control/libdrivers__clock_control.a(clock_stm32_ll_common.c.obj)
                0x00000000080015b8                enabled_clock
 .text.stm32_clock_control_init
                0x00000000080015d8      0x150 zephyr/drivers/clock_control/libdrivers__clock_control.a(clock_stm32_ll_common.c.obj)
                0x00000000080015d8                stm32_clock_control_init
 .text.get_pllsrc_frequency
                0x0000000008001728        0x8 zephyr/drivers/clock_control/libdrivers__clock_control.a(clock_stm32f2_f4_f7.c.obj)
                0x0000000008001728                get_pllsrc_frequency
 .text.config_pll_sysclock
                0x0000000008001730       0x60 zephyr/drivers/clock_control/libdrivers__clock_control.a(clock_stm32f2_f4_f7.c.obj)
                0x0000000008001730                config_pll_sysclock
 .text.get_pllsaisrc_frequency
                0x0000000008001790        0x8 zephyr/drivers/clock_control/libdrivers__clock_control.a(clock_stm32f2_f4_f7.c.obj)
                0x0000000008001790                get_pllsaisrc_frequency
 .text.config_pllsai
                0x0000000008001798       0x44 zephyr/drivers/clock_control/libdrivers__clock_control.a(clock_stm32f2_f4_f7.c.obj)
                0x0000000008001798                config_pllsai
 .text.config_enable_default_clocks
                0x00000000080017dc       0x20 zephyr/drivers/clock_control/libdrivers__clock_control.a(clock_stm32f2_f4_f7.c.obj)
                0x00000000080017dc                config_enable_default_clocks
 .text.uart_console_init
                0x00000000080017fc       0x28 zephyr/drivers/console/libdrivers__console.a(uart_console.c.obj)
 .text.console_out
                0x0000000008001824       0x28 zephyr/drivers/console/libdrivers__console.a(uart_console.c.obj)
 .text.gpio_stm32_pin_interrupt_configure
                0x000000000800184c       0xb0 zephyr/drivers/gpio/libdrivers__gpio.a(gpio_stm32.c.obj)
 .text.gpio_stm32_init
                0x00000000080018fc       0x38 zephyr/drivers/gpio/libdrivers__gpio.a(gpio_stm32.c.obj)
 .text.pinctrl_configure_pins
                0x0000000008001934       0x84 zephyr/drivers/pinctrl/libdrivers__pinctrl.a(pinctrl_stm32.c.obj)
                0x0000000008001934                pinctrl_configure_pins
 .text.pwm_stm32_set_cycles
                0x00000000080019b8      0x2ac zephyr/drivers/pwm/libdrivers__pwm.a(pwm_stm32.c.obj)
 .text.pwm_stm32_init
                0x0000000008001c64      0x188 zephyr/drivers/pwm/libdrivers__pwm.a(pwm_stm32.c.obj)
 .text.uart_stm32_irq_err_enable
                0x0000000008001dec       0x78 zephyr/drivers/serial/libdrivers__serial.a(uart_stm32.c.obj)
 .text.uart_stm32_irq_err_disable
                0x0000000008001e64       0x78 zephyr/drivers/serial/libdrivers__serial.a(uart_stm32.c.obj)
 .text.uart_stm32_parameters_set
                0x0000000008001edc      0x140 zephyr/drivers/serial/libdrivers__serial.a(uart_stm32.c.obj)
 .text.uart_stm32_init
                0x000000000800201c      0x160 zephyr/drivers/serial/libdrivers__serial.a(uart_stm32.c.obj)
 .text.uart_stm32_configure
                0x000000000800217c      0x164 zephyr/drivers/serial/libdrivers__serial.a(uart_stm32.c.obj)
 .text.elapsed  0x00000000080022e0       0x4c zephyr/drivers/timer/libdrivers__timer.a(cortex_m_systick.c.obj)
 .text.sys_clock_driver_init
                0x000000000800232c       0x34 zephyr/drivers/timer/libdrivers__timer.a(cortex_m_systick.c.obj)
 .text.sys_clock_isr
                0x0000000008002360       0x60 zephyr/drivers/timer/libdrivers__timer.a(cortex_m_systick.c.obj)
                0x0000000008002360                sys_clock_isr
 .text.sys_clock_set_timeout
                0x00000000080023c0       0xfc zephyr/drivers/timer/libdrivers__timer.a(cortex_m_systick.c.obj)
                0x00000000080023c0                sys_clock_set_timeout
 .text.sys_clock_elapsed
                0x00000000080024bc       0x3c zephyr/drivers/timer/libdrivers__timer.a(cortex_m_systick.c.obj)
                0x00000000080024bc                sys_clock_elapsed
 .text.HAL_RCC_GetSysClockFreq
                0x00000000080024f8       0x5c modules/hal_stm32/stm32cube/lib..__modules__hal__stm32__stm32cube.a(stm32f7xx_hal_rcc.c.obj)
                0x00000000080024f8                HAL_RCC_GetSysClockFreq
 .text.LL_SetFlashLatency
                0x0000000008002554       0xe0 modules/hal_stm32/stm32cube/lib..__modules__hal__stm32__stm32cube.a(stm32f7xx_ll_utils.c.obj)
                0x0000000008002554                LL_SetFlashLatency
 .text.z_fatal_error
                0x0000000008002634       0x30 zephyr/kernel/libkernel.a(fatal.c.obj)
                0x0000000008002634                z_fatal_error
 .text.z_sys_init_run_level
                0x0000000008002664       0x30 zephyr/kernel/libkernel.a(init.c.obj)
 .text.bg_thread_main
                0x0000000008002694       0xc0 zephyr/kernel/libkernel.a(init.c.obj)
 .text.z_init_cpu
                0x0000000008002754       0x78 zephyr/kernel/libkernel.a(init.c.obj)
                0x0000000008002754                z_init_cpu
 .text.z_cstart
                0x00000000080027cc       0xc8 zephyr/kernel/libkernel.a(init.c.obj)
                0x00000000080027cc                z_cstart
 .text.z_impl_k_sem_give
                0x0000000008002894       0x68 zephyr/kernel/libkernel.a(sem.c.obj)
                0x0000000008002894                z_impl_k_sem_give
 .text.work_queue_main
                0x00000000080028fc      0x14c zephyr/kernel/libkernel.a(work.c.obj)
 .text.submit_to_queue_locked
                0x0000000008002a48       0xb4 zephyr/kernel/libkernel.a(work.c.obj)
 .text.k_work_submit
                0x0000000008002afc        0xc zephyr/kernel/libkernel.a(work.c.obj)
                0x0000000008002afc                k_work_submit
 .text.k_work_queue_start
                0x0000000008002b08       0x80 zephyr/kernel/libkernel.a(work.c.obj)
                0x0000000008002b08                k_work_queue_start
 .text.z_impl_k_thread_name_set
                0x0000000008002b88       0x20 zephyr/kernel/libkernel.a(thread.c.obj)
                0x0000000008002b88                z_impl_k_thread_name_set
 .text.z_setup_new_thread
                0x0000000008002ba8       0xb8 zephyr/kernel/libkernel.a(thread.c.obj)
                0x0000000008002ba8                z_setup_new_thread
 .text.z_impl_k_thread_create
                0x0000000008002c60       0x58 zephyr/kernel/libkernel.a(thread.c.obj)
                0x0000000008002c60                z_impl_k_thread_create
 .text.z_dummy_thread_init
                0x0000000008002cb8       0x1c zephyr/kernel/libkernel.a(thread.c.obj)
                0x0000000008002cb8                z_dummy_thread_init
 .text.z_swap_irqlock
                0x0000000008002cd4       0x34 zephyr/kernel/libkernel.a(sched.c.obj)
 .text.ready_thread
                0x0000000008002d08       0x84 zephyr/kernel/libkernel.a(sched.c.obj)
 .text.unready_thread
                0x0000000008002d8c       0x54 zephyr/kernel/libkernel.a(sched.c.obj)
 .text.add_thread_timeout
                0x0000000008002de0       0x1c zephyr/kernel/libkernel.a(sched.c.obj)
 .text.move_current_to_end_of_prio_q
                0x0000000008002dfc       0x70 zephyr/kernel/libkernel.a(sched.c.obj)
                0x0000000008002dfc                move_current_to_end_of_prio_q
 .text.z_pend_curr
                0x0000000008002e6c       0x44 zephyr/kernel/libkernel.a(sched.c.obj)
                0x0000000008002e6c                z_pend_curr
 .text.z_reschedule
                0x0000000008002eb0       0x24 zephyr/kernel/libkernel.a(sched.c.obj)
                0x0000000008002eb0                z_reschedule
 .text.z_reschedule_irqlock
                0x0000000008002ed4       0x28 zephyr/kernel/libkernel.a(sched.c.obj)
                0x0000000008002ed4                z_reschedule_irqlock
 .text.k_sched_lock
                0x0000000008002efc       0x28 zephyr/kernel/libkernel.a(sched.c.obj)
                0x0000000008002efc                k_sched_lock
 .text.k_sched_unlock
                0x0000000008002f24       0x68 zephyr/kernel/libkernel.a(sched.c.obj)
                0x0000000008002f24                k_sched_unlock
 .text.z_sched_init
                0x0000000008002f8c       0x10 zephyr/kernel/libkernel.a(sched.c.obj)
                0x0000000008002f8c                z_sched_init
 .text.z_impl_k_yield
                0x0000000008002f9c       0x88 zephyr/kernel/libkernel.a(sched.c.obj)
                0x0000000008002f9c                z_impl_k_yield
 .text.z_tick_sleep
                0x0000000008003024       0x78 zephyr/kernel/libkernel.a(sched.c.obj)
 .text.z_impl_k_wakeup
                0x000000000800309c       0x48 zephyr/kernel/libkernel.a(sched.c.obj)
                0x000000000800309c                z_impl_k_wakeup
 .text.z_impl_k_sched_current_thread_query
                0x00000000080030e4        0xc zephyr/kernel/libkernel.a(sched.c.obj)
                0x00000000080030e4                z_impl_k_sched_current_thread_query
 .text.z_thread_abort
                0x00000000080030f0      0x140 zephyr/kernel/libkernel.a(sched.c.obj)
                0x00000000080030f0                z_thread_abort
 .text.z_sched_wait
                0x0000000008003230       0x24 zephyr/kernel/libkernel.a(sched.c.obj)
                0x0000000008003230                z_sched_wait
 .text.z_time_slice_size
                0x0000000008003254       0x40 zephyr/kernel/libkernel.a(timeslicing.c.obj)
 .text.slice_timeout
                0x0000000008003294       0x20 zephyr/kernel/libkernel.a(timeslicing.c.obj)
 .text.z_reset_time_slice
                0x00000000080032b4       0x48 zephyr/kernel/libkernel.a(timeslicing.c.obj)
                0x00000000080032b4                z_reset_time_slice
 .text.z_time_slice
                0x00000000080032fc       0x5c zephyr/kernel/libkernel.a(timeslicing.c.obj)
                0x00000000080032fc                z_time_slice
 .text.first    0x0000000008003358       0x10 zephyr/kernel/libkernel.a(timeout.c.obj)
 .text.elapsed  0x0000000008003368       0x14 zephyr/kernel/libkernel.a(timeout.c.obj)
 .text.remove_timeout
                0x000000000800337c       0x38 zephyr/kernel/libkernel.a(timeout.c.obj)
 .text.z_add_timeout
                0x00000000080033b4      0x120 zephyr/kernel/libkernel.a(timeout.c.obj)
                0x00000000080033b4                z_add_timeout
 .text.sys_clock_announce
                0x00000000080034d4       0xc0 zephyr/kernel/libkernel.a(timeout.c.obj)
                0x00000000080034d4                sys_clock_announce
 .text.sys_clock_tick_get
                0x0000000008003594       0x30 zephyr/kernel/libkernel.a(timeout.c.obj)
                0x0000000008003594                sys_clock_tick_get
 .text.boot_banner
                0x00000000080035c4        0xc zephyr/kernel/libkernel.a(banner.c.obj)
                0x00000000080035c4                boot_banner
 .text.k_sys_work_q_init
                0x00000000080035d0       0x2c zephyr/kernel/libkernel.a(system_work_q.c.obj)
 .text.strtol   0x00000000080035fc       0xec /home/hijab-fatima-siddiqui/zephyr-sdk-0.17.4/arm-zephyr-eabi/bin/../lib/gcc/../../picolibc/arm-zephyr-eabi/lib/thumb/v7e-m/nofp/libc.a(libc_tinystdio_strtol.c.o)
                0x00000000080035fc                strtol
 .text.__l_vfprintf
                0x00000000080036e8      0x4b8 /home/hijab-fatima-siddiqui/zephyr-sdk-0.17.4/arm-zephyr-eabi/bin/../lib/gcc/../../picolibc/arm-zephyr-eabi/lib/thumb/v7e-m/nofp/libc.a(libc_tinystdio_vflprintf.c.o)
                0x00000000080036e8                __l_vfprintf
 .text._OffsetAbsSyms
                0x0000000008003ba0        0x2 zephyr/CMakeFiles/offsets.dir/./arch/arm/core/offsets/offsets.c.obj
                0x0000000008003ba0                _OffsetAbsSyms
 .text.chunk_size
                0x0000000008003ba2        0xa zephyr/libzephyr.a(heap.c.obj)
 .text.free_list_add
                0x0000000008003bac       0x4e zephyr/libzephyr.a(heap.c.obj)
 .text.sys_heap_init
                0x0000000008003bfa       0x7a zephyr/libzephyr.a(heap.c.obj)
                0x0000000008003bfa                sys_heap_init
 .text.arch_printk_char_out
                0x0000000008003c74        0x4 zephyr/libzephyr.a(printk.c.obj)
                0x0000000008003c74                arch_printk_char_out
 .text.printk   0x0000000008003c78       0x1a zephyr/libzephyr.a(printk.c.obj)
                0x0000000008003c78                printk
 .text._ConfigAbsSyms
                0x0000000008003c92        0x2 zephyr/libzephyr.a(configs.c.obj)
                0x0000000008003c92                _ConfigAbsSyms
 .text.arch_early_memset
                0x0000000008003c94        0x4 zephyr/arch/common/libarch__common.a(init.c.obj)
                0x0000000008003c94                arch_early_memset
 .text.arch_early_memcpy
                0x0000000008003c98        0x4 zephyr/arch/common/libarch__common.a(init.c.obj)
                0x0000000008003c98                arch_early_memcpy
 .text.z_do_kernel_oops
                0x0000000008003c9c        0x8 zephyr/arch/arch/arm/core/libarch__arm__core.a(fatal.c.obj)
                0x0000000008003c9c                z_do_kernel_oops
 .text.z_arm_nmi
                0x0000000008003ca4        0xe zephyr/arch/arch/arm/core/libarch__arm__core.a(nmi.c.obj)
                0x0000000008003ca4                z_arm_nmi
 .text.z_irq_spurious
                0x0000000008003cb2        0x8 zephyr/arch/arch/arm/core/cortex_m/libarch__arm__core__cortex_m.a(irq_manage.c.obj)
                0x0000000008003cb2                z_irq_spurious
 .text.arch_coprocessors_disable
                0x0000000008003cba        0x6 zephyr/arch/arch/arm/core/cortex_m/libarch__arm__core__cortex_m.a(thread.c.obj)
                0x0000000008003cba                arch_coprocessors_disable
 .text.arch_irq_unlock_outlined
                0x0000000008003cc0        0xe zephyr/arch/arch/arm/core/cortex_m/libarch__arm__core__cortex_m.a(thread.c.obj)
                0x0000000008003cc0                arch_irq_unlock_outlined
 .text.arch_cpu_idle
                0x0000000008003cce       0x1a zephyr/arch/arch/arm/core/cortex_m/libarch__arm__core__cortex_m.a(cpu_idle.c.obj)
                0x0000000008003cce                arch_cpu_idle
 .text.size_to_mpu_rasr_size
                0x0000000008003ce8       0x20 zephyr/arch/arch/arm/core/mpu/libarch__arm__core__mpu.a(arm_mpu.c.obj)
 .text.picolibc_put
                0x0000000008003d08        0xa zephyr/lib/libc/picolibc/liblib__libc__picolibc.a(stdio.c.obj)
 .text.stm32_exti_gpio_intc_init
                0x0000000008003d12       0x92 zephyr/drivers/interrupt_controller/libdrivers__interrupt_controller.a(intc_gpio_stm32.c.obj)
 .text.stm32_gpio_intc_get_pin_irq_line
                0x0000000008003da4        0xa zephyr/drivers/interrupt_controller/libdrivers__interrupt_controller.a(intc_gpio_stm32.c.obj)
                0x0000000008003da4                stm32_gpio_intc_get_pin_irq_line
 .text.stm32_exti_set_line_src_port
                0x0000000008003dae       0x36 zephyr/drivers/interrupt_controller/libdrivers__interrupt_controller.a(intc_gpio_stm32.c.obj)
                0x0000000008003dae                stm32_exti_set_line_src_port
 .text.stm32_clock_control_on
                0x0000000008003de4       0x44 zephyr/drivers/clock_control/libdrivers__clock_control.a(clock_stm32_ll_common.c.obj)
 .text.stm32_clock_control_off
                0x0000000008003e28       0x2e zephyr/drivers/clock_control/libdrivers__clock_control.a(clock_stm32_ll_common.c.obj)
 .text.stm32_clock_control_configure
                0x0000000008003e56       0x58 zephyr/drivers/clock_control/libdrivers__clock_control.a(clock_stm32_ll_common.c.obj)
 .text.stm32_clock_control_get_status
                0x0000000008003eae       0x38 zephyr/drivers/clock_control/libdrivers__clock_control.a(clock_stm32_ll_common.c.obj)
 .text.config_regulator_voltage
                0x0000000008003ee6        0x2 zephyr/drivers/clock_control/libdrivers__clock_control.a(clock_stm32_ll_common.c.obj)
                0x0000000008003ee6                config_regulator_voltage
 .text.gpio_stm32_port_get_raw
                0x0000000008003ee8        0xc zephyr/drivers/gpio/libdrivers__gpio.a(gpio_stm32.c.obj)
 .text.gpio_stm32_port_set_masked_raw
                0x0000000008003ef4       0x12 zephyr/drivers/gpio/libdrivers__gpio.a(gpio_stm32.c.obj)
 .text.gpio_stm32_port_set_bits_raw
                0x0000000008003f06        0xa zephyr/drivers/gpio/libdrivers__gpio.a(gpio_stm32.c.obj)
 .text.gpio_stm32_port_clear_bits_raw
                0x0000000008003f10        0xc zephyr/drivers/gpio/libdrivers__gpio.a(gpio_stm32.c.obj)
 .text.gpio_stm32_port_toggle_bits
                0x0000000008003f1c        0xe zephyr/drivers/gpio/libdrivers__gpio.a(gpio_stm32.c.obj)
 .text.gpio_stm32_manage_callback
                0x0000000008003f2a       0x52 zephyr/drivers/gpio/libdrivers__gpio.a(gpio_stm32.c.obj)
 .text.gpio_stm32_configure_raw.isra.0
                0x0000000008003f7c      0x114 zephyr/drivers/gpio/libdrivers__gpio.a(gpio_stm32.c.obj)
 .text.gpio_stm32_config
                0x0000000008004090       0xd8 zephyr/drivers/gpio/libdrivers__gpio.a(gpio_stm32.c.obj)
 .text.gpio_stm32_isr
                0x0000000008004168       0x2c zephyr/drivers/gpio/libdrivers__gpio.a(gpio_stm32.c.obj)
 .text.gpio_stm32_configure
                0x0000000008004194       0x30 zephyr/drivers/gpio/libdrivers__gpio.a(gpio_stm32.c.obj)
                0x0000000008004194                gpio_stm32_configure
 .text.pinctrl_lookup_state
                0x00000000080041c4       0x26 zephyr/drivers/pinctrl/libdrivers__pinctrl.a(common.c.obj)
                0x00000000080041c4                pinctrl_lookup_state
 .text.LL_TIM_OC_SetCompareCH1
                0x00000000080041ea        0x4 zephyr/drivers/pwm/libdrivers__pwm.a(pwm_stm32.c.obj)
 .text.LL_TIM_OC_SetCompareCH2
                0x00000000080041ee        0x4 zephyr/drivers/pwm/libdrivers__pwm.a(pwm_stm32.c.obj)
 .text.LL_TIM_OC_SetCompareCH3
                0x00000000080041f2        0x4 zephyr/drivers/pwm/libdrivers__pwm.a(pwm_stm32.c.obj)
 .text.LL_TIM_OC_SetCompareCH4
                0x00000000080041f6        0x4 zephyr/drivers/pwm/libdrivers__pwm.a(pwm_stm32.c.obj)
 .text.LL_TIM_OC_SetCompareCH5
                0x00000000080041fa        0xc zephyr/drivers/pwm/libdrivers__pwm.a(pwm_stm32.c.obj)
 .text.LL_TIM_OC_SetCompareCH6
                0x0000000008004206        0x4 zephyr/drivers/pwm/libdrivers__pwm.a(pwm_stm32.c.obj)
 .text.pwm_stm32_get_cycles_per_sec
                0x000000000800420a       0x16 zephyr/drivers/pwm/libdrivers__pwm.a(pwm_stm32.c.obj)
 .text.reset_stm32_status
                0x0000000008004220       0x22 zephyr/drivers/reset/libdrivers__reset.a(reset_stm32.c.obj)
 .text.reset_stm32_line_assert
                0x0000000008004242       0x1c zephyr/drivers/reset/libdrivers__reset.a(reset_stm32.c.obj)
 .text.reset_stm32_line_deassert
                0x000000000800425e       0x1e zephyr/drivers/reset/libdrivers__reset.a(reset_stm32.c.obj)
 .text.reset_stm32_line_toggle
                0x000000000800427c       0x16 zephyr/drivers/reset/libdrivers__reset.a(reset_stm32.c.obj)
 .text.uart_stm32_ll2cfg_databits
                0x0000000008004292       0x2a zephyr/drivers/serial/libdrivers__serial.a(uart_stm32.c.obj)
 .text.uart_stm32_err_check
                0x00000000080042bc       0x5a zephyr/drivers/serial/libdrivers__serial.a(uart_stm32.c.obj)
 .text.uart_stm32_irq_tx_enable
                0x0000000008004316       0x16 zephyr/drivers/serial/libdrivers__serial.a(uart_stm32.c.obj)
 .text.uart_stm32_irq_tx_disable
                0x000000000800432c       0x16 zephyr/drivers/serial/libdrivers__serial.a(uart_stm32.c.obj)
 .text.uart_stm32_irq_rx_enable
                0x0000000008004342       0x16 zephyr/drivers/serial/libdrivers__serial.a(uart_stm32.c.obj)
 .text.uart_stm32_irq_rx_disable
                0x0000000008004358       0x16 zephyr/drivers/serial/libdrivers__serial.a(uart_stm32.c.obj)
 .text.uart_stm32_irq_rx_ready
                0x000000000800436e        0xc zephyr/drivers/serial/libdrivers__serial.a(uart_stm32.c.obj)
 .text.uart_stm32_irq_update
                0x000000000800437a        0x4 zephyr/drivers/serial/libdrivers__serial.a(uart_stm32.c.obj)
 .text.uart_stm32_irq_callback_set
                0x000000000800437e        0x8 zephyr/drivers/serial/libdrivers__serial.a(uart_stm32.c.obj)
 .text.uart_stm32_isr
                0x0000000008004386        0xc zephyr/drivers/serial/libdrivers__serial.a(uart_stm32.c.obj)
 .text.uart_stm32_irq_config_func_0
                0x0000000008004392       0x16 zephyr/drivers/serial/libdrivers__serial.a(uart_stm32.c.obj)
 .text.uart_stm32_irq_config_func_1
                0x00000000080043a8       0x16 zephyr/drivers/serial/libdrivers__serial.a(uart_stm32.c.obj)
 .text.uart_stm32_set_baudrate.isra.0
                0x00000000080043be       0x48 zephyr/drivers/serial/libdrivers__serial.a(uart_stm32.c.obj)
 .text.uart_stm32_irq_tx_complete
                0x0000000008004406        0xc zephyr/drivers/serial/libdrivers__serial.a(uart_stm32.c.obj)
 .text.uart_stm32_irq_tx_ready
                0x0000000008004412       0x14 zephyr/drivers/serial/libdrivers__serial.a(uart_stm32.c.obj)
 .text.uart_stm32_config_get
                0x0000000008004426       0x92 zephyr/drivers/serial/libdrivers__serial.a(uart_stm32.c.obj)
 .text.uart_stm32_fifo_fill
                0x00000000080044b8       0x58 zephyr/drivers/serial/libdrivers__serial.a(uart_stm32.c.obj)
 .text.uart_stm32_poll_out
                0x0000000008004510       0x36 zephyr/drivers/serial/libdrivers__serial.a(uart_stm32.c.obj)
 .text.uart_stm32_irq_is_pending
                0x0000000008004546       0x24 zephyr/drivers/serial/libdrivers__serial.a(uart_stm32.c.obj)
 .text.uart_stm32_fifo_read
                0x000000000800456a       0x42 zephyr/drivers/serial/libdrivers__serial.a(uart_stm32.c.obj)
 .text.uart_stm32_poll_in
                0x00000000080045ac       0x22 zephyr/drivers/serial/libdrivers__serial.a(uart_stm32.c.obj)
 .text.do_device_init
                0x00000000080045ce       0x30 zephyr/kernel/libkernel.a(device.c.obj)
                0x00000000080045ce                do_device_init
 .text.z_impl_device_is_ready
                0x00000000080045fe       0x16 zephyr/kernel/libkernel.a(device.c.obj)
                0x00000000080045fe                z_impl_device_is_ready
 .text.arch_system_halt
                0x0000000008004614       0x10 zephyr/kernel/libkernel.a(fatal.c.obj)
                0x0000000008004614                arch_system_halt
 .text.k_sys_fatal_error_handler
                0x0000000008004624        0x6 zephyr/kernel/libkernel.a(fatal.c.obj)
                0x0000000008004624                k_sys_fatal_error_handler
 .text.idle     0x000000000800462a       0x16 zephyr/kernel/libkernel.a(idle.c.obj)
                0x000000000800462a                idle
 .text.flag_test_and_clear
                0x0000000008004640       0x16 zephyr/kernel/libkernel.a(work.c.obj)
 .text.notify_queue_locked.isra.0
                0x0000000008004656        0xe zephyr/kernel/libkernel.a(work.c.obj)
 .text.k_work_init
                0x0000000008004664       0x12 zephyr/kernel/libkernel.a(work.c.obj)
                0x0000000008004664                k_work_init
 .text.z_work_submit_to_queue
                0x0000000008004676       0x26 zephyr/kernel/libkernel.a(work.c.obj)
                0x0000000008004676                z_work_submit_to_queue
 .text.k_work_submit_to_queue
                0x000000000800469c       0x20 zephyr/kernel/libkernel.a(work.c.obj)
                0x000000000800469c                k_work_submit_to_queue
 .text.k_is_in_isr
                0x00000000080046bc        0xc zephyr/kernel/libkernel.a(thread.c.obj)
                0x00000000080046bc                k_is_in_isr
 .text.sys_dlist_remove
                0x00000000080046c8       0x10 zephyr/kernel/libkernel.a(sched.c.obj)
 .text.unpend_thread_no_timeout
                0x00000000080046d8       0x14 zephyr/kernel/libkernel.a(sched.c.obj)
 .text.add_to_waitq_locked
                0x00000000080046ec       0x50 zephyr/kernel/libkernel.a(sched.c.obj)
 .text.z_ready_thread
                0x000000000800473c       0x1e zephyr/kernel/libkernel.a(sched.c.obj)
                0x000000000800473c                z_ready_thread
 .text.z_sched_wake_thread
                0x000000000800475a       0x3a zephyr/kernel/libkernel.a(sched.c.obj)
                0x000000000800475a                z_sched_wake_thread
 .text.z_thread_timeout
                0x0000000008004794        0x8 zephyr/kernel/libkernel.a(sched.c.obj)
                0x0000000008004794                z_thread_timeout
 .text.z_impl_k_sleep
                0x000000000800479c       0x42 zephyr/kernel/libkernel.a(sched.c.obj)
                0x000000000800479c                z_impl_k_sleep
 .text.z_sched_wake
                0x00000000080047de       0x46 zephyr/kernel/libkernel.a(sched.c.obj)
                0x00000000080047de                z_sched_wake
 .text.next_timeout
                0x0000000008004824       0x2e zephyr/kernel/libkernel.a(timeout.c.obj)
 .text.z_abort_timeout
                0x0000000008004852       0x50 zephyr/kernel/libkernel.a(timeout.c.obj)
                0x0000000008004852                z_abort_timeout
 .text.sys_clock_tick_get_32
                0x00000000080048a2        0x8 zephyr/kernel/libkernel.a(timeout.c.obj)
                0x00000000080048a2                sys_clock_tick_get_32
 .text.memcpy   0x00000000080048aa       0x1c /home/hijab-fatima-siddiqui/zephyr-sdk-0.17.4/arm-zephyr-eabi/bin/../lib/gcc/../../picolibc/arm-zephyr-eabi/lib/thumb/v7e-m/nofp/libc.a(memcpy.c.o)
                0x00000000080048aa                memcpy
                0x00000000080048aa                __aeabi_memcpy
                0x00000000080048aa                __aeabi_memcpy4
                0x00000000080048aa                __aeabi_memcpy8
 .text.memset   0x00000000080048c6       0x10 /home/hijab-fatima-siddiqui/zephyr-sdk-0.17.4/arm-zephyr-eabi/bin/../lib/gcc/../../picolibc/arm-zephyr-eabi/lib/thumb/v7e-m/nofp/libc.a(memset.c.o)
                0x00000000080048c6                memset
 .text.atoi     0x00000000080048d6        0x8 /home/hijab-fatima-siddiqui/zephyr-sdk-0.17.4/arm-zephyr-eabi/bin/../lib/gcc/../../picolibc/arm-zephyr-eabi/lib/thumb/v7e-m/nofp/libc.a(libc_stdlib_atoi.c.o)
                0x00000000080048d6                atoi
 .text.strncpy  0x00000000080048de       0x20 /home/hijab-fatima-siddiqui/zephyr-sdk-0.17.4/arm-zephyr-eabi/bin/../lib/gcc/../../picolibc/arm-zephyr-eabi/lib/thumb/v7e-m/nofp/libc.a(libc_string_strncpy.c.o)
                0x00000000080048de                strncpy
 .text.strnlen  0x00000000080048fe       0x18 /home/hijab-fatima-siddiqui/zephyr-sdk-0.17.4/arm-zephyr-eabi/bin/../lib/gcc/../../picolibc/arm-zephyr-eabi/lib/thumb/v7e-m/nofp/libc.a(libc_string_strnlen.c.o)
                0x00000000080048fe                strnlen
 .text.__ultoa_invert
                0x0000000008004916       0xae /home/hijab-fatima-siddiqui/zephyr-sdk-0.17.4/arm-zephyr-eabi/bin/../lib/gcc/../../picolibc/arm-zephyr-eabi/lib/thumb/v7e-m/nofp/libc.a(libc_tinystdio_vflprintf.c.o)
 *(SORT_BY_ALIGNMENT(.TEXT.*))
 .TEXT.__aeabi_read_tp
                0x00000000080049c4        0xc zephyr/arch/arch/arm/core/cortex_m/libarch__arm__core__cortex_m.a(__aeabi_read_tp.S.obj)
                0x00000000080049c4                __aeabi_read_tp
 *(SORT_BY_ALIGNMENT(.gnu.linkonce.t.*))
 *(SORT_BY_ALIGNMENT(.glue_7t))
 .glue_7t       0x00000000080049d0        0x0 linker stubs
 *(SORT_BY_ALIGNMENT(.glue_7))
 .glue_7        0x00000000080049d0        0x0 linker stubs
 *(SORT_BY_ALIGNMENT(.vfp11_veneer))
 .vfp11_veneer  0x00000000080049d0        0x0 linker stubs
 *(SORT_BY_ALIGNMENT(.v4_bx))
 .v4_bx         0x00000000080049d0        0x0 linker stubs
                0x00000000080049d0                . = ALIGN (0x4)
                0x00000000080049d0                __text_region_end = .

.ARM.exidx      0x00000000080049d0        0x8
                0x00000000080049d0                __exidx_start = .
 *(SORT_BY_ALIGNMENT(.ARM.exidx*) SORT_BY_ALIGNMENT(gnu.linkonce.armexidx.*))
 .ARM.exidx     0x00000000080049d0        0x8 /home/hijab-fatima-siddiqui/zephyr-sdk-0.17.4/arm-zephyr-eabi/bin/../lib/gcc/arm-zephyr-eabi/12.2.0/thumb/v7e-m/nofp/libgcc.a(_udivmoddi4.o)
                0x00000000080049d8                __exidx_end = .
                0x00000000080049d8                __rodata_region_start = .

initlevel       0x00000000080049d8       0xb8
                0x00000000080049d8                __init_start = .
                0x00000000080049d8                __init_EARLY_start = .
 *(SORT_BY_NAME(SORT_BY_ALIGNMENT(.z_init_EARLY_P_?_*)))
 *(SORT_BY_NAME(SORT_BY_ALIGNMENT(.z_init_EARLY_P_??_*)))
 *(SORT_BY_NAME(SORT_BY_ALIGNMENT(.z_init_EARLY_P_???_*)))
                0x00000000080049d8                __init_PRE_KERNEL_1_start = .
 *(SORT_BY_NAME(SORT_BY_ALIGNMENT(.z_init_PRE_KERNEL_1_P_?_*)))
 .z_init_PRE_KERNEL_1_P_1_SUB_00009_
                0x00000000080049d8        0x8 zephyr/drivers/clock_control/libdrivers__clock_control.a(clock_stm32_ll_common.c.obj)
 .z_init_PRE_KERNEL_1_P_1_SUB_0_
                0x00000000080049e0        0x8 zephyr/libzephyr.a(soc_config.c.obj)
 *(SORT_BY_NAME(SORT_BY_ALIGNMENT(.z_init_PRE_KERNEL_1_P_??_*)))
 .z_init_PRE_KERNEL_1_P_35_SUB_00046_
                0x00000000080049e8        0x8 zephyr/drivers/reset/libdrivers__reset.a(reset_stm32.c.obj)
 .z_init_PRE_KERNEL_1_P_40_SUB_00038_
                0x00000000080049f0        0x8 zephyr/drivers/gpio/libdrivers__gpio.a(gpio_stm32.c.obj)
 .z_init_PRE_KERNEL_1_P_40_SUB_00061_
                0x00000000080049f8        0x8 zephyr/drivers/interrupt_controller/libdrivers__interrupt_controller.a(intc_exti_stm32.c.obj)
 .z_init_PRE_KERNEL_1_P_40_SUB_00064_
                0x0000000008004a00        0x8 zephyr/drivers/gpio/libdrivers__gpio.a(gpio_stm32.c.obj)
 .z_init_PRE_KERNEL_1_P_40_SUB_00084_
                0x0000000008004a08        0x8 zephyr/drivers/gpio/libdrivers__gpio.a(gpio_stm32.c.obj)
 .z_init_PRE_KERNEL_1_P_40_SUB_00104_
                0x0000000008004a10        0x8 zephyr/drivers/gpio/libdrivers__gpio.a(gpio_stm32.c.obj)
 .z_init_PRE_KERNEL_1_P_40_SUB_00192_
                0x0000000008004a18        0x8 zephyr/drivers/gpio/libdrivers__gpio.a(gpio_stm32.c.obj)
 .z_init_PRE_KERNEL_1_P_40_SUB_00193_
                0x0000000008004a20        0x8 zephyr/drivers/gpio/libdrivers__gpio.a(gpio_stm32.c.obj)
 .z_init_PRE_KERNEL_1_P_40_SUB_00194_
                0x0000000008004a28        0x8 zephyr/drivers/gpio/libdrivers__gpio.a(gpio_stm32.c.obj)
 .z_init_PRE_KERNEL_1_P_40_SUB_00195_
                0x0000000008004a30        0x8 zephyr/drivers/gpio/libdrivers__gpio.a(gpio_stm32.c.obj)
 .z_init_PRE_KERNEL_1_P_40_SUB_00196_
                0x0000000008004a38        0x8 zephyr/drivers/gpio/libdrivers__gpio.a(gpio_stm32.c.obj)
 .z_init_PRE_KERNEL_1_P_40_SUB_00197_
                0x0000000008004a40        0x8 zephyr/drivers/gpio/libdrivers__gpio.a(gpio_stm32.c.obj)
 .z_init_PRE_KERNEL_1_P_40_SUB_00198_
                0x0000000008004a48        0x8 zephyr/drivers/gpio/libdrivers__gpio.a(gpio_stm32.c.obj)
 .z_init_PRE_KERNEL_1_P_40_SUB_0_
                0x0000000008004a50        0x8 zephyr/drivers/interrupt_controller/libdrivers__interrupt_controller.a(intc_gpio_stm32.c.obj)
 .z_init_PRE_KERNEL_1_P_50_SUB_00080_
                0x0000000008004a58        0x8 zephyr/drivers/serial/libdrivers__serial.a(uart_stm32.c.obj)
 .z_init_PRE_KERNEL_1_P_50_SUB_00083_
                0x0000000008004a60        0x8 zephyr/drivers/serial/libdrivers__serial.a(uart_stm32.c.obj)
 .z_init_PRE_KERNEL_1_P_60_SUB_0_
                0x0000000008004a68        0x8 zephyr/drivers/console/libdrivers__console.a(uart_console.c.obj)
 *(SORT_BY_NAME(SORT_BY_ALIGNMENT(.z_init_PRE_KERNEL_1_P_???_*)))
                0x0000000008004a70                __init_PRE_KERNEL_2_start = .
 *(SORT_BY_NAME(SORT_BY_ALIGNMENT(.z_init_PRE_KERNEL_2_P_?_*)))
 .z_init_PRE_KERNEL_2_P_0_SUB_0_
                0x0000000008004a70        0x8 zephyr/drivers/timer/libdrivers__timer.a(cortex_m_systick.c.obj)
 *(SORT_BY_NAME(SORT_BY_ALIGNMENT(.z_init_PRE_KERNEL_2_P_??_*)))
 *(SORT_BY_NAME(SORT_BY_ALIGNMENT(.z_init_PRE_KERNEL_2_P_???_*)))
                0x0000000008004a78                __init_POST_KERNEL_start = .
 *(SORT_BY_NAME(SORT_BY_ALIGNMENT(.z_init_POST_KERNEL_P_?_*)))
 *(SORT_BY_NAME(SORT_BY_ALIGNMENT(.z_init_POST_KERNEL_P_??_*)))
 .z_init_POST_KERNEL_P_35_SUB_0_
                0x0000000008004a78        0x8 zephyr/lib/libc/common/liblib__libc__common.a(malloc.c.obj)
 .z_init_POST_KERNEL_P_40_SUB_0_
                0x0000000008004a80        0x8 zephyr/kernel/libkernel.a(system_work_q.c.obj)
 .z_init_POST_KERNEL_P_50_SUB_00049_
                0x0000000008004a88        0x8 zephyr/drivers/pwm/libdrivers__pwm.a(pwm_stm32.c.obj)
 *(SORT_BY_NAME(SORT_BY_ALIGNMENT(.z_init_POST_KERNEL_P_???_*)))
                0x0000000008004a90                __init_APPLICATION_start = .
 *(SORT_BY_NAME(SORT_BY_ALIGNMENT(.z_init_APPLICATION_P_?_*)))
 *(SORT_BY_NAME(SORT_BY_ALIGNMENT(.z_init_APPLICATION_P_??_*)))
 *(SORT_BY_NAME(SORT_BY_ALIGNMENT(.z_init_APPLICATION_P_???_*)))
                0x0000000008004a90                __init_SMP_start = .
 *(SORT_BY_NAME(SORT_BY_ALIGNMENT(.z_init_SMP_P_?_*)))
 *(SORT_BY_NAME(SORT_BY_ALIGNMENT(.z_init_SMP_P_??_*)))
 *(SORT_BY_NAME(SORT_BY_ALIGNMENT(.z_init_SMP_P_???_*)))
                0x0000000008004a90                __init_end = .

device_area     0x0000000008004a90      0x1dc
                0x0000000008004a90                _device_list_start = .
 *(SORT_BY_NAME(SORT_BY_ALIGNMENT(._device.static.*_?_*)))
 ._device.static.1_1_
                0x0000000008004a90       0x1c zephyr/drivers/clock_control/libdrivers__clock_control.a(clock_stm32_ll_common.c.obj)
                0x0000000008004a90                __device_dts_ord_9
 *(SORT_BY_NAME(SORT_BY_ALIGNMENT(._device.static.*_??_*)))
 ._device.static.1_35_
                0x0000000008004aac       0x1c zephyr/drivers/reset/libdrivers__reset.a(reset_stm32.c.obj)
                0x0000000008004aac                __device_dts_ord_46
 ._device.static.1_40_
                0x0000000008004ac8       0x1c zephyr/drivers/interrupt_controller/libdrivers__interrupt_controller.a(intc_exti_stm32.c.obj)
                0x0000000008004ac8                __device_dts_ord_61
 ._device.static.1_40_
                0x0000000008004ae4      0x134 zephyr/drivers/gpio/libdrivers__gpio.a(gpio_stm32.c.obj)
                0x0000000008004ae4                __device_dts_ord_104
                0x0000000008004b00                __device_dts_ord_198
                0x0000000008004b1c                __device_dts_ord_38
                0x0000000008004b38                __device_dts_ord_197
                0x0000000008004b54                __device_dts_ord_196
                0x0000000008004b70                __device_dts_ord_195
                0x0000000008004b8c                __device_dts_ord_194
                0x0000000008004ba8                __device_dts_ord_193
                0x0000000008004bc4                __device_dts_ord_64
                0x0000000008004be0                __device_dts_ord_192
                0x0000000008004bfc                __device_dts_ord_84
 ._device.static.1_50_
                0x0000000008004c18       0x38 zephyr/drivers/serial/libdrivers__serial.a(uart_stm32.c.obj)
                0x0000000008004c18                __device_dts_ord_83
                0x0000000008004c34                __device_dts_ord_80
 ._device.static.3_50_
                0x0000000008004c50       0x1c zephyr/drivers/pwm/libdrivers__pwm.a(pwm_stm32.c.obj)
                0x0000000008004c50                __device_dts_ord_49
 *(SORT_BY_NAME(SORT_BY_ALIGNMENT(._device.static.*_???_*)))
 *(SORT_BY_NAME(SORT_BY_ALIGNMENT(._device.static.*_????_*)))
 *(SORT_BY_NAME(SORT_BY_ALIGNMENT(._device.static.*_?????_*)))
                0x0000000008004c6c                _device_list_end = .

sw_isr_table    0x0000000008004c6c      0x310
                0x0000000008004c6c                . = ALIGN (0x4)
 *(SORT_BY_ALIGNMENT(.gnu.linkonce.sw_isr_table*))
 .gnu.linkonce.sw_isr_table
                0x0000000008004c6c      0x310 zephyr/CMakeFiles/zephyr_final.dir/isr_tables.c.obj
                0x0000000008004c6c                _sw_isr_table

initlevel_error
                0x00000000080049d8        0x0
 *(SORT_BY_NAME(SORT_BY_ALIGNMENT(.z_init_*)))
                0x0000000000000001                ASSERT ((SIZEOF (initlevel_error) == 0x0), Undefined initialization levels used.)

app_shmem_regions
                0x0000000008004f7c        0x0
                0x0000000008004f7c                __app_shmem_regions_start = .
 *(SORT_BY_NAME(SORT_BY_ALIGNMENT(.app_regions.*)))
                0x0000000008004f7c                __app_shmem_regions_end = .

k_p4wq_initparam_area
                0x0000000008004f7c        0x0
                0x0000000008004f7c                _k_p4wq_initparam_list_start = .
 *(SORT_BY_NAME(SORT_BY_ALIGNMENT(._k_p4wq_initparam.static.*)))
                0x0000000008004f7c                _k_p4wq_initparam_list_end = .

_static_thread_data_area
                0x0000000008004f7c        0x0
                0x0000000008004f7c                __static_thread_data_list_start = .
 *(SORT_BY_NAME(SORT_BY_ALIGNMENT(.__static_thread_data.static.*)))
                0x0000000008004f7c                __static_thread_data_list_end = .

device_deps     0x0000000008004f7c        0x0
                0x0000000008004f7c                __device_deps_start = .
 *(SORT_BY_NAME(SORT_BY_ALIGNMENT(.__device_deps_pass2*)))
                0x0000000008004f7c                __device_deps_end = .

gpio_driver_api_area
                0x0000000008004f7c       0x24
                0x0000000008004f7c                _gpio_driver_api_list_start = .
 *(SORT_BY_NAME(SORT_BY_ALIGNMENT(._gpio_driver_api.static.*)))
 ._gpio_driver_api.static.gpio_stm32_driver_
                0x0000000008004f7c       0x24 zephyr/drivers/gpio/libdrivers__gpio.a(gpio_stm32.c.obj)
                0x0000000008004fa0                _gpio_driver_api_list_end = .

pwm_driver_api_area
                0x0000000008004fa0        0x8
                0x0000000008004fa0                _pwm_driver_api_list_start = .
 *(SORT_BY_NAME(SORT_BY_ALIGNMENT(._pwm_driver_api.static.*)))
 ._pwm_driver_api.static.pwm_stm32_driver_api_
                0x0000000008004fa0        0x8 zephyr/drivers/pwm/libdrivers__pwm.a(pwm_stm32.c.obj)
                0x0000000008004fa8                _pwm_driver_api_list_end = .

reset_driver_api_area
                0x0000000008004fa8       0x10
                0x0000000008004fa8                _reset_driver_api_list_start = .
 *(SORT_BY_NAME(SORT_BY_ALIGNMENT(._reset_driver_api.static.*)))
 ._reset_driver_api.static.reset_stm32_driver_api_
                0x0000000008004fa8       0x10 zephyr/drivers/reset/libdrivers__reset.a(reset_stm32.c.obj)
                0x0000000008004fb8                _reset_driver_api_list_end = .

shared_irq_driver_api_area
                0x0000000008004fb8        0x0
                0x0000000008004fb8                _shared_irq_driver_api_list_start = .
 *(SORT_BY_NAME(SORT_BY_ALIGNMENT(._shared_irq_driver_api.static.*)))
                0x0000000008004fb8                _shared_irq_driver_api_list_end = .

crypto_driver_api_area
                0x0000000008004fb8        0x0
                0x0000000008004fb8                _crypto_driver_api_list_start = .
 *(SORT_BY_NAME(SORT_BY_ALIGNMENT(._crypto_driver_api.static.*)))
                0x0000000008004fb8                _crypto_driver_api_list_end = .

adc_driver_api_area
                0x0000000008004fb8        0x0
                0x0000000008004fb8                _adc_driver_api_list_start = .
 *(SORT_BY_NAME(SORT_BY_ALIGNMENT(._adc_driver_api.static.*)))
                0x0000000008004fb8                _adc_driver_api_list_end = .

auxdisplay_driver_api_area
                0x0000000008004fb8        0x0
                0x0000000008004fb8                _auxdisplay_driver_api_list_start = .
 *(SORT_BY_NAME(SORT_BY_ALIGNMENT(._auxdisplay_driver_api.static.*)))
                0x0000000008004fb8                _auxdisplay_driver_api_list_end = .

bbram_driver_api_area
                0x0000000008004fb8        0x0
                0x0000000008004fb8                _bbram_driver_api_list_start = .
 *(SORT_BY_NAME(SORT_BY_ALIGNMENT(._bbram_driver_api.static.*)))
                0x0000000008004fb8                _bbram_driver_api_list_end = .

bt_hci_driver_api_area
                0x0000000008004fb8        0x0
                0x0000000008004fb8                _bt_hci_driver_api_list_start = .
 *(SORT_BY_NAME(SORT_BY_ALIGNMENT(._bt_hci_driver_api.static.*)))
                0x0000000008004fb8                _bt_hci_driver_api_list_end = .

can_driver_api_area
                0x0000000008004fb8        0x0
                0x0000000008004fb8                _can_driver_api_list_start = .
 *(SORT_BY_NAME(SORT_BY_ALIGNMENT(._can_driver_api.static.*)))
                0x0000000008004fb8                _can_driver_api_list_end = .

cellular_driver_api_area
                0x0000000008004fb8        0x0
                0x0000000008004fb8                _cellular_driver_api_list_start = .
 *(SORT_BY_NAME(SORT_BY_ALIGNMENT(._cellular_driver_api.static.*)))
                0x0000000008004fb8                _cellular_driver_api_list_end = .

charger_driver_api_area
                0x0000000008004fb8        0x0
                0x0000000008004fb8                _charger_driver_api_list_start = .
 *(SORT_BY_NAME(SORT_BY_ALIGNMENT(._charger_driver_api.static.*)))
                0x0000000008004fb8                _charger_driver_api_list_end = .

clock_control_driver_api_area
                0x0000000008004fb8       0x1c
                0x0000000008004fb8                _clock_control_driver_api_list_start = .
 *(SORT_BY_NAME(SORT_BY_ALIGNMENT(._clock_control_driver_api.static.*)))
 ._clock_control_driver_api.static.stm32_clock_control_api_
                0x0000000008004fb8       0x1c zephyr/drivers/clock_control/libdrivers__clock_control.a(clock_stm32_ll_common.c.obj)
                0x0000000008004fd4                _clock_control_driver_api_list_end = .

comparator_driver_api_area
                0x0000000008004fd4        0x0
                0x0000000008004fd4                _comparator_driver_api_list_start = .
 *(SORT_BY_NAME(SORT_BY_ALIGNMENT(._comparator_driver_api.static.*)))
                0x0000000008004fd4                _comparator_driver_api_list_end = .

coredump_driver_api_area
                0x0000000008004fd4        0x0
                0x0000000008004fd4                _coredump_driver_api_list_start = .
 *(SORT_BY_NAME(SORT_BY_ALIGNMENT(._coredump_driver_api.static.*)))
                0x0000000008004fd4                _coredump_driver_api_list_end = .

counter_driver_api_area
                0x0000000008004fd4        0x0
                0x0000000008004fd4                _counter_driver_api_list_start = .
 *(SORT_BY_NAME(SORT_BY_ALIGNMENT(._counter_driver_api.static.*)))
                0x0000000008004fd4                _counter_driver_api_list_end = .

crc_driver_api_area
                0x0000000008004fd4        0x0
                0x0000000008004fd4                _crc_driver_api_list_start = .
 *(SORT_BY_NAME(SORT_BY_ALIGNMENT(._crc_driver_api.static.*)))
                0x0000000008004fd4                _crc_driver_api_list_end = .

dac_driver_api_area
                0x0000000008004fd4        0x0
                0x0000000008004fd4                _dac_driver_api_list_start = .
 *(SORT_BY_NAME(SORT_BY_ALIGNMENT(._dac_driver_api.static.*)))
                0x0000000008004fd4                _dac_driver_api_list_end = .

dai_driver_api_area
                0x0000000008004fd4        0x0
                0x0000000008004fd4                _dai_driver_api_list_start = .
 *(SORT_BY_NAME(SORT_BY_ALIGNMENT(._dai_driver_api.static.*)))
                0x0000000008004fd4                _dai_driver_api_list_end = .

display_driver_api_area
                0x0000000008004fd4        0x0
                0x0000000008004fd4                _display_driver_api_list_start = .
 *(SORT_BY_NAME(SORT_BY_ALIGNMENT(._display_driver_api.static.*)))
                0x0000000008004fd4                _display_driver_api_list_end = .

dma_driver_api_area
                0x0000000008004fd4        0x0
                0x0000000008004fd4                _dma_driver_api_list_start = .
 *(SORT_BY_NAME(SORT_BY_ALIGNMENT(._dma_driver_api.static.*)))
                0x0000000008004fd4                _dma_driver_api_list_end = .

edac_driver_api_area
                0x0000000008004fd4        0x0
                0x0000000008004fd4                _edac_driver_api_list_start = .
 *(SORT_BY_NAME(SORT_BY_ALIGNMENT(._edac_driver_api.static.*)))
                0x0000000008004fd4                _edac_driver_api_list_end = .

eeprom_driver_api_area
                0x0000000008004fd4        0x0
                0x0000000008004fd4                _eeprom_driver_api_list_start = .
 *(SORT_BY_NAME(SORT_BY_ALIGNMENT(._eeprom_driver_api.static.*)))
                0x0000000008004fd4                _eeprom_driver_api_list_end = .

emul_bbram_driver_api_area
                0x0000000008004fd4        0x0
                0x0000000008004fd4                _emul_bbram_driver_api_list_start = .
 *(SORT_BY_NAME(SORT_BY_ALIGNMENT(._emul_bbram_driver_api.static.*)))
                0x0000000008004fd4                _emul_bbram_driver_api_list_end = .

fuel_gauge_emul_driver_api_area
                0x0000000008004fd4        0x0
                0x0000000008004fd4                _fuel_gauge_emul_driver_api_list_start = .
 *(SORT_BY_NAME(SORT_BY_ALIGNMENT(._fuel_gauge_emul_driver_api.static.*)))
                0x0000000008004fd4                _fuel_gauge_emul_driver_api_list_end = .

emul_sensor_driver_api_area
                0x0000000008004fd4        0x0
                0x0000000008004fd4                _emul_sensor_driver_api_list_start = .
 *(SORT_BY_NAME(SORT_BY_ALIGNMENT(._emul_sensor_driver_api.static.*)))
                0x0000000008004fd4                _emul_sensor_driver_api_list_end = .

entropy_driver_api_area
                0x0000000008004fd4        0x0
                0x0000000008004fd4                _entropy_driver_api_list_start = .
 *(SORT_BY_NAME(SORT_BY_ALIGNMENT(._entropy_driver_api.static.*)))
                0x0000000008004fd4                _entropy_driver_api_list_end = .

espi_driver_api_area
                0x0000000008004fd4        0x0
                0x0000000008004fd4                _espi_driver_api_list_start = .
 *(SORT_BY_NAME(SORT_BY_ALIGNMENT(._espi_driver_api.static.*)))
                0x0000000008004fd4                _espi_driver_api_list_end = .

espi_saf_driver_api_area
                0x0000000008004fd4        0x0
                0x0000000008004fd4                _espi_saf_driver_api_list_start = .
 *(SORT_BY_NAME(SORT_BY_ALIGNMENT(._espi_saf_driver_api.static.*)))
                0x0000000008004fd4                _espi_saf_driver_api_list_end = .

flash_driver_api_area
                0x0000000008004fd4        0x0
                0x0000000008004fd4                _flash_driver_api_list_start = .
 *(SORT_BY_NAME(SORT_BY_ALIGNMENT(._flash_driver_api.static.*)))
                0x0000000008004fd4                _flash_driver_api_list_end = .

fpga_driver_api_area
                0x0000000008004fd4        0x0
                0x0000000008004fd4                _fpga_driver_api_list_start = .
 *(SORT_BY_NAME(SORT_BY_ALIGNMENT(._fpga_driver_api.static.*)))
                0x0000000008004fd4                _fpga_driver_api_list_end = .

fuel_gauge_driver_api_area
                0x0000000008004fd4        0x0
                0x0000000008004fd4                _fuel_gauge_driver_api_list_start = .
 *(SORT_BY_NAME(SORT_BY_ALIGNMENT(._fuel_gauge_driver_api.static.*)))
                0x0000000008004fd4                _fuel_gauge_driver_api_list_end = .

gnss_driver_api_area
                0x0000000008004fd4        0x0
                0x0000000008004fd4                _gnss_driver_api_list_start = .
 *(SORT_BY_NAME(SORT_BY_ALIGNMENT(._gnss_driver_api.static.*)))
                0x0000000008004fd4                _gnss_driver_api_list_end = .

haptics_driver_api_area
                0x0000000008004fd4        0x0
                0x0000000008004fd4                _haptics_driver_api_list_start = .
 *(SORT_BY_NAME(SORT_BY_ALIGNMENT(._haptics_driver_api.static.*)))
                0x0000000008004fd4                _haptics_driver_api_list_end = .

hwspinlock_driver_api_area
                0x0000000008004fd4        0x0
                0x0000000008004fd4                _hwspinlock_driver_api_list_start = .
 *(SORT_BY_NAME(SORT_BY_ALIGNMENT(._hwspinlock_driver_api.static.*)))
                0x0000000008004fd4                _hwspinlock_driver_api_list_end = .

i2c_driver_api_area
                0x0000000008004fd4        0x0
                0x0000000008004fd4                _i2c_driver_api_list_start = .
 *(SORT_BY_NAME(SORT_BY_ALIGNMENT(._i2c_driver_api.static.*)))
                0x0000000008004fd4                _i2c_driver_api_list_end = .

i2c_target_driver_api_area
                0x0000000008004fd4        0x0
                0x0000000008004fd4                _i2c_target_driver_api_list_start = .
 *(SORT_BY_NAME(SORT_BY_ALIGNMENT(._i2c_target_driver_api.static.*)))
                0x0000000008004fd4                _i2c_target_driver_api_list_end = .

i2s_driver_api_area
                0x0000000008004fd4        0x0
                0x0000000008004fd4                _i2s_driver_api_list_start = .
 *(SORT_BY_NAME(SORT_BY_ALIGNMENT(._i2s_driver_api.static.*)))
                0x0000000008004fd4                _i2s_driver_api_list_end = .

i3c_driver_api_area
                0x0000000008004fd4        0x0
                0x0000000008004fd4                _i3c_driver_api_list_start = .
 *(SORT_BY_NAME(SORT_BY_ALIGNMENT(._i3c_driver_api.static.*)))
                0x0000000008004fd4                _i3c_driver_api_list_end = .

ipm_driver_api_area
                0x0000000008004fd4        0x0
                0x0000000008004fd4                _ipm_driver_api_list_start = .
 *(SORT_BY_NAME(SORT_BY_ALIGNMENT(._ipm_driver_api.static.*)))
                0x0000000008004fd4                _ipm_driver_api_list_end = .

led_driver_api_area
                0x0000000008004fd4        0x0
                0x0000000008004fd4                _led_driver_api_list_start = .
 *(SORT_BY_NAME(SORT_BY_ALIGNMENT(._led_driver_api.static.*)))
                0x0000000008004fd4                _led_driver_api_list_end = .

led_strip_driver_api_area
                0x0000000008004fd4        0x0
                0x0000000008004fd4                _led_strip_driver_api_list_start = .
 *(SORT_BY_NAME(SORT_BY_ALIGNMENT(._led_strip_driver_api.static.*)))
                0x0000000008004fd4                _led_strip_driver_api_list_end = .

lora_driver_api_area
                0x0000000008004fd4        0x0
                0x0000000008004fd4                _lora_driver_api_list_start = .
 *(SORT_BY_NAME(SORT_BY_ALIGNMENT(._lora_driver_api.static.*)))
                0x0000000008004fd4                _lora_driver_api_list_end = .

mbox_driver_api_area
                0x0000000008004fd4        0x0
                0x0000000008004fd4                _mbox_driver_api_list_start = .
 *(SORT_BY_NAME(SORT_BY_ALIGNMENT(._mbox_driver_api.static.*)))
                0x0000000008004fd4                _mbox_driver_api_list_end = .

mdio_driver_api_area
                0x0000000008004fd4        0x0
                0x0000000008004fd4                _mdio_driver_api_list_start = .
 *(SORT_BY_NAME(SORT_BY_ALIGNMENT(._mdio_driver_api.static.*)))
                0x0000000008004fd4                _mdio_driver_api_list_end = .

mipi_dbi_driver_api_area
                0x0000000008004fd4        0x0
                0x0000000008004fd4                _mipi_dbi_driver_api_list_start = .
 *(SORT_BY_NAME(SORT_BY_ALIGNMENT(._mipi_dbi_driver_api.static.*)))
                0x0000000008004fd4                _mipi_dbi_driver_api_list_end = .

mipi_dsi_driver_api_area
                0x0000000008004fd4        0x0
                0x0000000008004fd4                _mipi_dsi_driver_api_list_start = .
 *(SORT_BY_NAME(SORT_BY_ALIGNMENT(._mipi_dsi_driver_api.static.*)))
                0x0000000008004fd4                _mipi_dsi_driver_api_list_end = .

mspi_driver_api_area
                0x0000000008004fd4        0x0
                0x0000000008004fd4                _mspi_driver_api_list_start = .
 *(SORT_BY_NAME(SORT_BY_ALIGNMENT(._mspi_driver_api.static.*)))
                0x0000000008004fd4                _mspi_driver_api_list_end = .

opamp_driver_api_area
                0x0000000008004fd4        0x0
                0x0000000008004fd4                _opamp_driver_api_list_start = .
 *(SORT_BY_NAME(SORT_BY_ALIGNMENT(._opamp_driver_api.static.*)))
                0x0000000008004fd4                _opamp_driver_api_list_end = .

peci_driver_api_area
                0x0000000008004fd4        0x0
                0x0000000008004fd4                _peci_driver_api_list_start = .
 *(SORT_BY_NAME(SORT_BY_ALIGNMENT(._peci_driver_api.static.*)))
                0x0000000008004fd4                _peci_driver_api_list_end = .

ps2_driver_api_area
                0x0000000008004fd4        0x0
                0x0000000008004fd4                _ps2_driver_api_list_start = .
 *(SORT_BY_NAME(SORT_BY_ALIGNMENT(._ps2_driver_api.static.*)))
                0x0000000008004fd4                _ps2_driver_api_list_end = .

ptp_clock_driver_api_area
                0x0000000008004fd4        0x0
                0x0000000008004fd4                _ptp_clock_driver_api_list_start = .
 *(SORT_BY_NAME(SORT_BY_ALIGNMENT(._ptp_clock_driver_api.static.*)))
                0x0000000008004fd4                _ptp_clock_driver_api_list_end = .

regulator_parent_driver_api_area
                0x0000000008004fd4        0x0
                0x0000000008004fd4                _regulator_parent_driver_api_list_start = .
 *(SORT_BY_NAME(SORT_BY_ALIGNMENT(._regulator_parent_driver_api.static.*)))
                0x0000000008004fd4                _regulator_parent_driver_api_list_end = .

regulator_driver_api_area
                0x0000000008004fd4        0x0
                0x0000000008004fd4                _regulator_driver_api_list_start = .
 *(SORT_BY_NAME(SORT_BY_ALIGNMENT(._regulator_driver_api.static.*)))
                0x0000000008004fd4                _regulator_driver_api_list_end = .

retained_mem_driver_api_area
                0x0000000008004fd4        0x0
                0x0000000008004fd4                _retained_mem_driver_api_list_start = .
 *(SORT_BY_NAME(SORT_BY_ALIGNMENT(._retained_mem_driver_api.static.*)))
                0x0000000008004fd4                _retained_mem_driver_api_list_end = .

rtc_driver_api_area
                0x0000000008004fd4        0x0
                0x0000000008004fd4                _rtc_driver_api_list_start = .
 *(SORT_BY_NAME(SORT_BY_ALIGNMENT(._rtc_driver_api.static.*)))
                0x0000000008004fd4                _rtc_driver_api_list_end = .

sdhc_driver_api_area
                0x0000000008004fd4        0x0
                0x0000000008004fd4                _sdhc_driver_api_list_start = .
 *(SORT_BY_NAME(SORT_BY_ALIGNMENT(._sdhc_driver_api.static.*)))
                0x0000000008004fd4                _sdhc_driver_api_list_end = .

sensor_driver_api_area
                0x0000000008004fd4        0x0
                0x0000000008004fd4                _sensor_driver_api_list_start = .
 *(SORT_BY_NAME(SORT_BY_ALIGNMENT(._sensor_driver_api.static.*)))
                0x0000000008004fd4                _sensor_driver_api_list_end = .

smbus_driver_api_area
                0x0000000008004fd4        0x0
                0x0000000008004fd4                _smbus_driver_api_list_start = .
 *(SORT_BY_NAME(SORT_BY_ALIGNMENT(._smbus_driver_api.static.*)))
                0x0000000008004fd4                _smbus_driver_api_list_end = .

spi_driver_api_area
                0x0000000008004fd4        0x0
                0x0000000008004fd4                _spi_driver_api_list_start = .
 *(SORT_BY_NAME(SORT_BY_ALIGNMENT(._spi_driver_api.static.*)))
                0x0000000008004fd4                _spi_driver_api_list_end = .

stepper_driver_api_area
                0x0000000008004fd4        0x0
                0x0000000008004fd4                _stepper_driver_api_list_start = .
 *(SORT_BY_NAME(SORT_BY_ALIGNMENT(._stepper_driver_api.static.*)))
                0x0000000008004fd4                _stepper_driver_api_list_end = .

stepper_drv_driver_api_area
                0x0000000008004fd4        0x0
                0x0000000008004fd4                _stepper_drv_driver_api_list_start = .
 *(SORT_BY_NAME(SORT_BY_ALIGNMENT(._stepper_drv_driver_api.static.*)))
                0x0000000008004fd4                _stepper_drv_driver_api_list_end = .

syscon_driver_api_area
                0x0000000008004fd4        0x0
                0x0000000008004fd4                _syscon_driver_api_list_start = .
 *(SORT_BY_NAME(SORT_BY_ALIGNMENT(._syscon_driver_api.static.*)))
                0x0000000008004fd4                _syscon_driver_api_list_end = .

tee_driver_api_area
                0x0000000008004fd4        0x0
                0x0000000008004fd4                _tee_driver_api_list_start = .
 *(SORT_BY_NAME(SORT_BY_ALIGNMENT(._tee_driver_api.static.*)))
                0x0000000008004fd4                _tee_driver_api_list_end = .

video_driver_api_area
                0x0000000008004fd4        0x0
                0x0000000008004fd4                _video_driver_api_list_start = .
 *(SORT_BY_NAME(SORT_BY_ALIGNMENT(._video_driver_api.static.*)))
                0x0000000008004fd4                _video_driver_api_list_end = .

virtio_driver_api_area
                0x0000000008004fd4        0x0
                0x0000000008004fd4                _virtio_driver_api_list_start = .
 *(SORT_BY_NAME(SORT_BY_ALIGNMENT(._virtio_driver_api.static.*)))
                0x0000000008004fd4                _virtio_driver_api_list_end = .

w1_driver_api_area
                0x0000000008004fd4        0x0
                0x0000000008004fd4                _w1_driver_api_list_start = .
 *(SORT_BY_NAME(SORT_BY_ALIGNMENT(._w1_driver_api.static.*)))
                0x0000000008004fd4                _w1_driver_api_list_end = .

wdt_driver_api_area
                0x0000000008004fd4        0x0
                0x0000000008004fd4                _wdt_driver_api_list_start = .
 *(SORT_BY_NAME(SORT_BY_ALIGNMENT(._wdt_driver_api.static.*)))
                0x0000000008004fd4                _wdt_driver_api_list_end = .

can_transceiver_driver_api_area
                0x0000000008004fd4        0x0
                0x0000000008004fd4                _can_transceiver_driver_api_list_start = .
 *(SORT_BY_NAME(SORT_BY_ALIGNMENT(._can_transceiver_driver_api.static.*)))
                0x0000000008004fd4                _can_transceiver_driver_api_list_end = .

nrf_clock_control_driver_api_area
                0x0000000008004fd4        0x0
                0x0000000008004fd4                _nrf_clock_control_driver_api_list_start = .
 *(SORT_BY_NAME(SORT_BY_ALIGNMENT(._nrf_clock_control_driver_api.static.*)))
                0x0000000008004fd4                _nrf_clock_control_driver_api_list_end = .

i3c_target_driver_api_area
                0x0000000008004fd4        0x0
                0x0000000008004fd4                _i3c_target_driver_api_list_start = .
 *(SORT_BY_NAME(SORT_BY_ALIGNMENT(._i3c_target_driver_api.static.*)))
                0x0000000008004fd4                _i3c_target_driver_api_list_end = .

its_driver_api_area
                0x0000000008004fd4        0x0
                0x0000000008004fd4                _its_driver_api_list_start = .
 *(SORT_BY_NAME(SORT_BY_ALIGNMENT(._its_driver_api.static.*)))
                0x0000000008004fd4                _its_driver_api_list_end = .

vtd_driver_api_area
                0x0000000008004fd4        0x0
                0x0000000008004fd4                _vtd_driver_api_list_start = .
 *(SORT_BY_NAME(SORT_BY_ALIGNMENT(._vtd_driver_api.static.*)))
                0x0000000008004fd4                _vtd_driver_api_list_end = .

renesas_elc_driver_api_area
                0x0000000008004fd4        0x0
                0x0000000008004fd4                _renesas_elc_driver_api_list_start = .
 *(SORT_BY_NAME(SORT_BY_ALIGNMENT(._renesas_elc_driver_api.static.*)))
                0x0000000008004fd4                _renesas_elc_driver_api_list_end = .

tgpio_driver_api_area
                0x0000000008004fd4        0x0
                0x0000000008004fd4                _tgpio_driver_api_list_start = .
 *(SORT_BY_NAME(SORT_BY_ALIGNMENT(._tgpio_driver_api.static.*)))
                0x0000000008004fd4                _tgpio_driver_api_list_end = .

pcie_ctrl_driver_api_area
                0x0000000008004fd4        0x0
                0x0000000008004fd4                _pcie_ctrl_driver_api_list_start = .
 *(SORT_BY_NAME(SORT_BY_ALIGNMENT(._pcie_ctrl_driver_api.static.*)))
                0x0000000008004fd4                _pcie_ctrl_driver_api_list_end = .

pcie_ep_driver_api_area
                0x0000000008004fd4        0x0
                0x0000000008004fd4                _pcie_ep_driver_api_list_start = .
 *(SORT_BY_NAME(SORT_BY_ALIGNMENT(._pcie_ep_driver_api.static.*)))
                0x0000000008004fd4                _pcie_ep_driver_api_list_end = .

psi5_driver_api_area
                0x0000000008004fd4        0x0
                0x0000000008004fd4                _psi5_driver_api_list_start = .
 *(SORT_BY_NAME(SORT_BY_ALIGNMENT(._psi5_driver_api.static.*)))
                0x0000000008004fd4                _psi5_driver_api_list_end = .

sent_driver_api_area
                0x0000000008004fd4        0x0
                0x0000000008004fd4                _sent_driver_api_list_start = .
 *(SORT_BY_NAME(SORT_BY_ALIGNMENT(._sent_driver_api.static.*)))
                0x0000000008004fd4                _sent_driver_api_list_end = .

svc_driver_api_area
                0x0000000008004fd4        0x0
                0x0000000008004fd4                _svc_driver_api_list_start = .
 *(SORT_BY_NAME(SORT_BY_ALIGNMENT(._svc_driver_api.static.*)))
                0x0000000008004fd4                _svc_driver_api_list_end = .

uart_driver_api_area
                0x0000000008004fd4       0x54
                0x0000000008004fd4                _uart_driver_api_list_start = .
 *(SORT_BY_NAME(SORT_BY_ALIGNMENT(._uart_driver_api.static.*)))
 ._uart_driver_api.static.uart_stm32_driver_api_
                0x0000000008004fd4       0x54 zephyr/drivers/serial/libdrivers__serial.a(uart_stm32.c.obj)
                0x0000000008005028                _uart_driver_api_list_end = .

bc12_emul_driver_api_area
                0x0000000008005028        0x0
                0x0000000008005028                _bc12_emul_driver_api_list_start = .
 *(SORT_BY_NAME(SORT_BY_ALIGNMENT(._bc12_emul_driver_api.static.*)))
                0x0000000008005028                _bc12_emul_driver_api_list_end = .

bc12_driver_api_area
                0x0000000008005028        0x0
                0x0000000008005028                _bc12_driver_api_list_start = .
 *(SORT_BY_NAME(SORT_BY_ALIGNMENT(._bc12_driver_api.static.*)))
                0x0000000008005028                _bc12_driver_api_list_end = .

usbc_ppc_driver_api_area
                0x0000000008005028        0x0
                0x0000000008005028                _usbc_ppc_driver_api_list_start = .
 *(SORT_BY_NAME(SORT_BY_ALIGNMENT(._usbc_ppc_driver_api.static.*)))
                0x0000000008005028                _usbc_ppc_driver_api_list_end = .

tcpc_driver_api_area
                0x0000000008005028        0x0
                0x0000000008005028                _tcpc_driver_api_list_start = .
 *(SORT_BY_NAME(SORT_BY_ALIGNMENT(._tcpc_driver_api.static.*)))
                0x0000000008005028                _tcpc_driver_api_list_end = .

usbc_vbus_driver_api_area
                0x0000000008005028        0x0
                0x0000000008005028                _usbc_vbus_driver_api_list_start = .
 *(SORT_BY_NAME(SORT_BY_ALIGNMENT(._usbc_vbus_driver_api.static.*)))
                0x0000000008005028                _usbc_vbus_driver_api_list_end = .

ivshmem_driver_api_area
                0x0000000008005028        0x0
                0x0000000008005028                _ivshmem_driver_api_list_start = .
 *(SORT_BY_NAME(SORT_BY_ALIGNMENT(._ivshmem_driver_api.static.*)))
                0x0000000008005028                _ivshmem_driver_api_list_end = .

ethphy_driver_api_area
                0x0000000008005028        0x0
                0x0000000008005028                _ethphy_driver_api_list_start = .
 *(SORT_BY_NAME(SORT_BY_ALIGNMENT(._ethphy_driver_api.static.*)))
                0x0000000008005028                _ethphy_driver_api_list_end = .

ztest           0x0000000008005028        0x0
                0x0000000008005028                _ztest_expected_result_entry_list_start = .
 *(SORT_BY_NAME(SORT_BY_ALIGNMENT(._ztest_expected_result_entry.static.*)))
                0x0000000008005028                _ztest_expected_result_entry_list_end = .
                0x0000000008005028                _ztest_suite_node_list_start = .
 *(SORT_BY_NAME(SORT_BY_ALIGNMENT(._ztest_suite_node.static.*)))
                0x0000000008005028                _ztest_suite_node_list_end = .
                0x0000000008005028                _ztest_unit_test_list_start = .
 *(SORT_BY_NAME(SORT_BY_ALIGNMENT(._ztest_unit_test.static.*)))
                0x0000000008005028                _ztest_unit_test_list_end = .
                0x0000000008005028                _ztest_test_rule_list_start = .
 *(SORT_BY_NAME(SORT_BY_ALIGNMENT(._ztest_test_rule.static.*)))
                0x0000000008005028                _ztest_test_rule_list_end = .

init_array      0x0000000008005028        0x0
                0x0000000008005028                __zephyr_init_array_start = .
 *(SORT_BY_INIT_PRIORITY(.init_array.*) SORT_BY_INIT_PRIORITY(.ctors.*))
 *(SORT_BY_ALIGNMENT(.init_array) SORT_BY_ALIGNMENT(.ctors))
                0x0000000008005028                __zephyr_init_array_end = .
                0x0000000000000001                ASSERT ((__zephyr_init_array_start == __zephyr_init_array_end), GNU-style constructors required but STATIC_INIT_GNU not enabled)

bt_l2cap_fixed_chan_area
                0x0000000008005028        0x0
                0x0000000008005028                _bt_l2cap_fixed_chan_list_start = .
 *(SORT_BY_NAME(SORT_BY_ALIGNMENT(._bt_l2cap_fixed_chan.static.*)))
                0x0000000008005028                _bt_l2cap_fixed_chan_list_end = .

bt_gatt_service_static_area
                0x0000000008005028        0x0
                0x0000000008005028                _bt_gatt_service_static_list_start = .
 *(SORT_BY_NAME(SORT_BY_ALIGNMENT(._bt_gatt_service_static.static.*)))
                0x0000000008005028                _bt_gatt_service_static_list_end = .

log_strings_area
                0x0000000008005028        0x0
                0x0000000008005028                _log_strings_list_start = .
 *(SORT_BY_NAME(SORT_BY_ALIGNMENT(._log_strings.static.*)))
                0x0000000008005028                _log_strings_list_end = .

log_stmesp_ptr_area
                0x0000000008005028        0x0
                0x0000000008005028                _log_stmesp_ptr_list_start = .
 *(SORT_BY_NAME(SORT_BY_ALIGNMENT(._log_stmesp_ptr.static.*)))
                0x0000000008005028                _log_stmesp_ptr_list_end = .

log_stmesp_str_area
                0x0000000008005028        0x0
                0x0000000008005028                _log_stmesp_str_list_start = .
 *(SORT_BY_NAME(SORT_BY_ALIGNMENT(._log_stmesp_str.static.*)))
                0x0000000008005028                _log_stmesp_str_list_end = .

log_const_area  0x0000000008005028        0x0
                0x0000000008005028                _log_const_list_start = .
 *(SORT_BY_NAME(SORT_BY_ALIGNMENT(._log_const.static.*)))
                0x0000000008005028                _log_const_list_end = .

log_backend_area
                0x0000000008005028        0x0
                0x0000000008005028                _log_backend_list_start = .
 *(SORT_BY_NAME(SORT_BY_ALIGNMENT(._log_backend.static.*)))
                0x0000000008005028                _log_backend_list_end = .

log_link_area   0x0000000008005028        0x0
                0x0000000008005028                _log_link_list_start = .
 *(SORT_BY_NAME(SORT_BY_ALIGNMENT(._log_link.static.*)))
                0x0000000008005028                _log_link_list_end = .

tracing_backend_area
                0x0000000008005028        0x0
                0x0000000008005028                _tracing_backend_list_start = .
 *(SORT_BY_NAME(SORT_BY_ALIGNMENT(._tracing_backend.static.*)))
                0x0000000008005028                _tracing_backend_list_end = .

zephyr_dbg_info
 *(SORT_BY_ALIGNMENT(.dbg_thread_info))

intc_table_area
                0x0000000008005028        0x0
                0x0000000008005028                _intc_table_list_start = .
 *(SORT_BY_NAME(SORT_BY_ALIGNMENT(._intc_table.static.*)))
                0x0000000008005028                _intc_table_list_end = .

symbol_to_keep  0x0000000008005028        0x0
                0x0000000008005028                __symbol_to_keep_start = .
 *(SORT_BY_NAME(SORT_BY_ALIGNMENT(.symbol_to_keep*)))
                0x0000000008005028                __symbol_to_keep_end = .

shell_area      0x0000000008005028        0x0
                0x0000000008005028                _shell_list_start = .
 *(SORT_BY_NAME(SORT_BY_ALIGNMENT(._shell.static.*)))
                0x0000000008005028                _shell_list_end = .

shell_root_cmds_area
                0x0000000008005028        0x0
                0x0000000008005028                _shell_root_cmds_list_start = .
 *(SORT_BY_NAME(SORT_BY_ALIGNMENT(._shell_root_cmds.static.*)))
                0x0000000008005028                _shell_root_cmds_list_end = .

shell_subcmds_area
                0x0000000008005028        0x0
                0x0000000008005028                _shell_subcmds_list_start = .
 *(SORT_BY_NAME(SORT_BY_ALIGNMENT(._shell_subcmds.static.*)))
                0x0000000008005028                _shell_subcmds_list_end = .

shell_dynamic_subcmds_area
                0x0000000008005028        0x0
                0x0000000008005028                _shell_dynamic_subcmds_list_start = .
 *(SORT_BY_NAME(SORT_BY_ALIGNMENT(._shell_dynamic_subcmds.static.*)))
                0x0000000008005028                _shell_dynamic_subcmds_list_end = .

cfb_font_area   0x0000000008005028        0x0
                0x0000000008005028                _cfb_font_list_start = .
 *(SORT_BY_NAME(SORT_BY_ALIGNMENT(._cfb_font.static.*)))
                0x0000000008005028                _cfb_font_list_end = .

tdata           0x0000000008005028        0x0
 *(SORT_BY_ALIGNMENT(.tdata) SORT_BY_ALIGNMENT(.tdata.*) SORT_BY_ALIGNMENT(.gnu.linkonce.td.*))

tbss            0x0000000008005028        0x8
 *(SORT_BY_ALIGNMENT(.tbss) SORT_BY_ALIGNMENT(.tbss.*) SORT_BY_ALIGNMENT(.gnu.linkonce.tb.*) SORT_BY_ALIGNMENT(.tcommon))
 .tbss.z_tls_current
                0x0000000008005028        0x4 zephyr/libzephyr.a(thread_entry.c.obj)
                0x0000000008005028                z_tls_current
 .tbss.errno    0x000000000800502c        0x4 /home/hijab-fatima-siddiqui/zephyr-sdk-0.17.4/arm-zephyr-eabi/bin/../lib/gcc/../../picolibc/arm-zephyr-eabi/lib/thumb/v7e-m/nofp/libc.a(libc_errno_errno.c.o)
                0x000000000800502c                errno
                0x0000000008005028                PROVIDE (__tdata_start = LOADADDR (tdata))
                0x0000000000000001                PROVIDE (__tdata_align = ALIGNOF (tdata))
                0x0000000000000000                PROVIDE (__tdata_size = (((SIZEOF (tdata) + __tdata_align) - 0x1) & ~ ((__tdata_align - 0x1))))
                [!provide]                        PROVIDE (__tdata_end = (__tdata_start + __tdata_size))
                0x0000000000000004                PROVIDE (__tbss_align = ALIGNOF (tbss))
                [!provide]                        PROVIDE (__tbss_start = ADDR (tbss))
                0x0000000000000008                PROVIDE (__tbss_size = (((SIZEOF (tbss) + __tbss_align) - 0x1) & ~ ((__tbss_align - 0x1))))
                [!provide]                        PROVIDE (__tbss_end = (__tbss_start + __tbss_size))
                [!provide]                        PROVIDE (__tls_start = __tdata_start)
                [!provide]                        PROVIDE (__tls_end = __tbss_end)
                [!provide]                        PROVIDE (__tls_size = (__tbss_end - __tdata_start))

rodata          0x0000000008005028      0x944
 *(SORT_BY_ALIGNMENT(.rodata))
 .rodata        0x0000000008005028        0x8 zephyr/drivers/interrupt_controller/libdrivers__interrupt_controller.a(intc_exti_stm32.c.obj)
 *(SORT_BY_ALIGNMENT(.rodata.*))
 .rodata.mem_attr_region
                0x0000000008005030       0x30 zephyr/libzephyr.a(mem_attr.c.obj)
 .rodata.static_regions
                0x0000000008005060        0xc zephyr/arch/arch/arm/core/mpu/libarch__arm__core__mpu.a(arm_core_mpu.c.obj)
 .rodata.mpu_config
                0x000000000800506c        0x8 zephyr/arch/arch/arm/core/mpu/libarch__arm__core__mpu.a(arm_mpu_regions.c.obj)
                0x000000000800506c                mpu_config
 .rodata.mpu_regions
                0x0000000008005074       0x18 zephyr/arch/arch/arm/core/mpu/libarch__arm__core__mpu.a(arm_mpu_regions.c.obj)
 .rodata.gpio_stm32_cfg_k
                0x000000000800508c       0x14 zephyr/drivers/gpio/libdrivers__gpio.a(gpio_stm32.c.obj)
 .rodata.gpio_stm32_cfg_j
                0x00000000080050a0       0x14 zephyr/drivers/gpio/libdrivers__gpio.a(gpio_stm32.c.obj)
 .rodata.gpio_stm32_cfg_i
                0x00000000080050b4       0x14 zephyr/drivers/gpio/libdrivers__gpio.a(gpio_stm32.c.obj)
 .rodata.gpio_stm32_cfg_h
                0x00000000080050c8       0x14 zephyr/drivers/gpio/libdrivers__gpio.a(gpio_stm32.c.obj)
 .rodata.gpio_stm32_cfg_g
                0x00000000080050dc       0x14 zephyr/drivers/gpio/libdrivers__gpio.a(gpio_stm32.c.obj)
 .rodata.gpio_stm32_cfg_f
                0x00000000080050f0       0x14 zephyr/drivers/gpio/libdrivers__gpio.a(gpio_stm32.c.obj)
 .rodata.gpio_stm32_cfg_e
                0x0000000008005104       0x14 zephyr/drivers/gpio/libdrivers__gpio.a(gpio_stm32.c.obj)
 .rodata.gpio_stm32_cfg_d
                0x0000000008005118       0x14 zephyr/drivers/gpio/libdrivers__gpio.a(gpio_stm32.c.obj)
 .rodata.gpio_stm32_cfg_c
                0x000000000800512c       0x14 zephyr/drivers/gpio/libdrivers__gpio.a(gpio_stm32.c.obj)
 .rodata.gpio_stm32_cfg_b
                0x0000000008005140       0x14 zephyr/drivers/gpio/libdrivers__gpio.a(gpio_stm32.c.obj)
 .rodata.gpio_stm32_cfg_a
                0x0000000008005154       0x14 zephyr/drivers/gpio/libdrivers__gpio.a(gpio_stm32.c.obj)
 .rodata.gpio_ports
                0x0000000008005168       0x68 zephyr/drivers/pinctrl/libdrivers__pinctrl.a(pinctrl_stm32.c.obj)
 .rodata.pwm_stm32_config_0
                0x00000000080051d0       0x1c zephyr/drivers/pwm/libdrivers__pwm.a(pwm_stm32.c.obj)
 .rodata.pclken_0
                0x00000000080051ec       0x10 zephyr/drivers/pwm/libdrivers__pwm.a(pwm_stm32.c.obj)
 .rodata.__pinctrl_dev_config__device_dts_ord_49
                0x00000000080051fc        0x8 zephyr/drivers/pwm/libdrivers__pwm.a(pwm_stm32.c.obj)
 .rodata.__pinctrl_states__device_dts_ord_49
                0x0000000008005204        0x8 zephyr/drivers/pwm/libdrivers__pwm.a(pwm_stm32.c.obj)
 .rodata.__pinctrl_state_pins_0__device_dts_ord_49